Component: Arm Compiler for Embedded 6.22 Tool: armlink [5ee90200]

==============================================================================

Section Cross References

    startup.o(RESET) refers to startup.o(STACK) for StackMem
    startup.o(RESET) refers to osasm.o(.text) for SVC_Handler
    startup.o(RESET) refers to os.o(.text.SysTick_Handler) for SysTick_Handler
    startup.o(RESET) refers to uart0int.o(.text.UART0_Handler) for UART0_Handler
    startup.o(RESET) refers to adct0atrigger.o(.text.ADC0Seq0_Handler) for ADC0Seq0_Handler
    startup.o(RESET) refers to adct0atrigger.o(.text.ADC0Seq3_Handler) for ADC0Seq3_Handler
    startup.o(RESET) refers to os.o(.text.GPIOPortF_Handler) for GPIOPortF_Handler
    startup.o(RESET) refers to timer3a.o(.text.Timer3A_Handler) for Timer3A_Handler
    startup.o(RESET) refers to timer4a.o(.text.Timer4A_Handler) for Timer4A_Handler
    startup.o(RESET) refers to timer5a.o(.text.Timer5A_Handler) for Timer5A_Handler
    startup.o(RESET) refers to wtimer0a.o(.text.WideTimer0A_Handler) for WideTimer0A_Handler
    startup.o(RESET) refers to entry.o(.ARM.Collect$$$$00000000) for __main
    launchpad.o(.ARM.exidx.text.LaunchPad_Init) refers to launchpad.o(.text.LaunchPad_Init) for [Anonymous Symbol]
    launchpad.o(.ARM.exidx.text.LaunchPad_Input) refers to launchpad.o(.text.LaunchPad_Input) for [Anonymous Symbol]
    launchpad.o(.ARM.exidx.text.LaunchPad_WaitForTouch) refers to launchpad.o(.text.LaunchPad_WaitForTouch) for [Anonymous Symbol]
    launchpad.o(.ARM.exidx.text.LaunchPad_WaitForRelease) refers to launchpad.o(.text.LaunchPad_WaitForRelease) for [Anonymous Symbol]
    launchpad.o(.ARM.exidx.text.LaunchPad_Output) refers to launchpad.o(.text.LaunchPad_Output) for [Anonymous Symbol]
    pll.o(.ARM.exidx.text.PLL_Init) refers to pll.o(.text.PLL_Init) for [Anonymous Symbol]
    lab5.o(.ARM.exidx.text.PortD_Init) refers to lab5.o(.text.PortD_Init) for [Anonymous Symbol]
    lab5.o(.text.ButtonWork) refers to os.o(.text.OS_Id) for OS_Id
    lab5.o(.text.ButtonWork) refers to heap.o(.text.Heap_Stats) for Heap_Stats
    lab5.o(.text.ButtonWork) refers to os.o(.text.OS_Kill) for OS_Kill
    lab5.o(.text.ButtonWork) refers to lab5.o(.rodata.str1.1) for .L.str
    lab5.o(.text.ButtonWork) refers to st7735.o(.text.ST7735_Message) for ST7735_Message
    lab5.o(.ARM.exidx.text.ButtonWork) refers to lab5.o(.text.ButtonWork) for [Anonymous Symbol]
    lab5.o(.text.SW1Push) refers to os.o(.text.OS_MsTime) for OS_MsTime
    lab5.o(.text.SW1Push) refers to lab5.o(.text.ButtonWork) for ButtonWork
    lab5.o(.text.SW1Push) refers to os.o(.text.OS_AddThread) for OS_AddThread
    lab5.o(.text.SW1Push) refers to lab5.o(.bss.NumCreated) for NumCreated
    lab5.o(.text.SW1Push) refers to os.o(.text.OS_ClearMsTime) for OS_ClearMsTime
    lab5.o(.ARM.exidx.text.SW1Push) refers to lab5.o(.text.SW1Push) for [Anonymous Symbol]
    lab5.o(.text.SW2Push) refers to os.o(.text.OS_MsTime) for OS_MsTime
    lab5.o(.text.SW2Push) refers to lab5.o(.text.ButtonWork) for ButtonWork
    lab5.o(.text.SW2Push) refers to os.o(.text.OS_AddThread) for OS_AddThread
    lab5.o(.text.SW2Push) refers to lab5.o(.bss.NumCreated) for NumCreated
    lab5.o(.text.SW2Push) refers to os.o(.text.OS_ClearMsTime) for OS_ClearMsTime
    lab5.o(.ARM.exidx.text.SW2Push) refers to lab5.o(.text.SW2Push) for [Anonymous Symbol]
    lab5.o(.text.Idle) refers to lab5.o(.bss.IdleCount) for IdleCount
    lab5.o(.text.Idle) refers to startup.o(.text) for WaitForInterrupt
    lab5.o(.ARM.exidx.text.Idle) refers to lab5.o(.text.Idle) for [Anonymous Symbol]
    lab5.o(.text.realmain) refers to os.o(.text.OS_Init) for OS_Init
    lab5.o(.text.realmain) refers to os.o(.bss.MaxJitter) for MaxJitter
    lab5.o(.text.realmain) refers to adc.o(.text.ADC_Init) for ADC_Init
    lab5.o(.text.realmain) refers to heap.o(.text.Heap_Init) for Heap_Init
    lab5.o(.text.realmain) refers to edisk.o(.text.disk_timerproc) for disk_timerproc
    lab5.o(.text.realmain) refers to os.o(.text.OS_AddPeriodicThread) for OS_AddPeriodicThread
    lab5.o(.text.realmain) refers to lab5.o(.text.SW1Push) for SW1Push
    lab5.o(.text.realmain) refers to os.o(.text.OS_AddSW1Task) for OS_AddSW1Task
    lab5.o(.text.realmain) refers to lab5.o(.text.SW2Push) for SW2Push
    lab5.o(.text.realmain) refers to os.o(.text.OS_AddSW2Task) for OS_AddSW2Task
    lab5.o(.text.realmain) refers to lab5.o(.bss.NumCreated) for NumCreated
    lab5.o(.text.realmain) refers to interpreter.o(.text.Interpreter) for Interpreter
    lab5.o(.text.realmain) refers to os.o(.text.OS_AddThread) for OS_AddThread
    lab5.o(.text.realmain) refers to lab5.o(.text.Idle) for Idle
    lab5.o(.text.realmain) refers to os.o(.text.OS_Launch) for OS_Launch
    lab5.o(.ARM.exidx.text.realmain) refers to lab5.o(.text.realmain) for [Anonymous Symbol]
    lab5.o(.text.diskError) refers to lab5.o(.rodata.str1.1) for .L.str.4
    lab5.o(.text.diskError) refers to printf6.o(i.__0printf$6) for __2printf
[...]
    .text                                    0x00000b3c   Section        0  ctype_c.o(.text)
    [Anonymous Symbol]                       0x00000b64   Section        0  adct0atrigger.o(.text.ADC0Seq0_Handler)
    [Anonymous Symbol]                       0x00000b84   Section        0  adct0atrigger.o(.text.ADC0Seq3_Handler)
    [Anonymous Symbol]                       0x00000ba0   Section        0  adc.o(.text.ADC_In)
    [Anonymous Symbol]                       0x00000bc0   Section        0  adc.o(.text.ADC_Init)
    [Anonymous Symbol]                       0x00000d18   Section        0  lab5.o(.text.ButtonWork)
    [Anonymous Symbol]                       0x00000da8   Section        0  edisk.o(.text.CS_Init)
    [Anonymous Symbol]                       0x00000e14   Section        0  os.o(.text.Dummy)
    [Anonymous Symbol]                       0x00000e18   Section        0  os.o(.text.GPIOPortF_Handler)
    [Anonymous Symbol]                       0x00000ea0   Section        0  heap.o(.text.Heap_Free)
    [Anonymous Symbol]                       0x00000f0c   Section        0  heap.o(.text.Heap_Init)
    [Anonymous Symbol]                       0x00000f34   Section        0  heap.o(.text.Heap_Malloc)
    [Anonymous Symbol]                       0x00000fac   Section        0  heap.o(.text.Heap_Realloc)
    [Anonymous Symbol]                       0x000011ec   Section        0  heap.o(.text.Heap_Stats)
    [Anonymous Symbol]                       0x00001240   Section        0  lab5.o(.text.Idle)
    [Anonymous Symbol]                       0x00001268   Section        0  interpreter.o(.text.Interpreter)
    [Anonymous Symbol]                       0x000019d4   Section        0  launchpad.o(.text.LaunchPad_Init)
    [Anonymous Symbol]                       0x00001a1c   Section        0  os.o(.text.MS_Increment)
    [Anonymous Symbol]                       0x00001a2c   Section        0  os.o(.text.OS_AddPeriodicThread)
    [Anonymous Symbol]                       0x00001a54   Section        0  os.o(.text.OS_AddProcess)
    [Anonymous Symbol]                       0x00001ee8   Section        0  os.o(.text.OS_AddSW1Task)
    [Anonymous Symbol]                       0x00001f0c   Section        0  os.o(.text.OS_AddSW2Task)
    [Anonymous Symbol]                       0x00001f30   Section        0  os.o(.text.OS_AddThread)
    [Anonymous Symbol]                       0x000022bc   Section        0  os.o(.text.OS_ClearMsTime)
    [Anonymous Symbol]                       0x000022cc   Section        0  os.o(.text.OS_Id)
    [Anonymous Symbol]                       0x000022dc   Section        0  os.o(.text.OS_Init)
    [Anonymous Symbol]                       0x00002514   Section        0  os.o(.text.OS_InitSemaphore)
    [Anonymous Symbol]                       0x00002520   Section        0  os.o(.text.OS_Kill)
    [Anonymous Symbol]                       0x00002748   Section        0  os.o(.text.OS_Launch)
    [Anonymous Symbol]                       0x00002858   Section        0  os.o(.text.OS_MsTime)
    [Anonymous Symbol]                       0x00002864   Section        0  os.o(.text.OS_Sleep)
    [Anonymous Symbol]                       0x00002a70   Section        0  os.o(.text.OS_Time)
    [Anonymous Symbol]                       0x00002a90   Section        0  os.o(.text.OS_bSignal)
    [Anonymous Symbol]                       0x00002c38   Section        0  os.o(.text.OS_bWait)
    [Anonymous Symbol]                       0x00002db8   Section        0  pll.o(.text.PLL_Init)
    [Anonymous Symbol]                       0x00002e24   Section        0  fifosimple.o(.text.RxFifo_Get)
    [Anonymous Symbol]                       0x00002e5c   Section        0  fifosimple.o(.text.RxFifo_Init)
    [Anonymous Symbol]                       0x00002e74   Section        0  fifosimple.o(.text.RxFifo_Put)
    [Anonymous Symbol]                       0x00002eb0   Section        0  fifosimple.o(.text.RxFifo_Size)
    [Anonymous Symbol]                       0x00002ec8   Section        0  edisk.o(.text.SSI0_Init)
    [Anonymous Symbol]                       0x0000303c   Section        0  st7735.o(.text.ST7735_DrawCharS)
    [Anonymous Symbol]                       0x0000312c   Section        0  st7735.o(.text.ST7735_DrawPixel)
    [Anonymous Symbol]                       0x000031ec   Section        0  st7735.o(.text.ST7735_FillRect)
    [Anonymous Symbol]                       0x000032e8   Section        0  st7735.o(.text.ST7735_InitR)
    [Anonymous Symbol]                       0x0000341c   Section        0  st7735.o(.text.ST7735_Message)
    [Anonymous Symbol]                       0x00003498   Section        0  lab5.o(.text.SW1Push)
    [Anonymous Symbol]                       0x000034cc   Section        0  lab5.o(.text.SW2Push)
    [Anonymous Symbol]                       0x00003500   Section        0  os.o(.text.SysTick_Handler)
    [Anonymous Symbol]                       0x000035e0   Section        0  timer3a.o(.text.Timer3A_Handler)
    [Anonymous Symbol]                       0x000035f8   Section        0  timer3a.o(.text.Timer3A_Init)
    [Anonymous Symbol]                       0x0000366c   Section        0  timer4a.o(.text.Timer4A_Handler)
    [Anonymous Symbol]                       0x00003684   Section        0  timer4a.o(.text.Timer4A_Init)
    [Anonymous Symbol]                       0x000036f8   Section        0  timer5a.o(.text.Timer5A_Handler)
    [Anonymous Symbol]                       0x00003710   Section        0  timer5a.o(.text.Timer5A_Init)
    [Anonymous Symbol]                       0x00003790   Section        0  fifosimple.o(.text.TxFifo_Get)
    [Anonymous Symbol]                       0x000037c8   Section        0  fifosimple.o(.text.TxFifo_Init)
    [Anonymous Symbol]                       0x000037e0   Section        0  fifosimple.o(.text.TxFifo_Put)
    [Anonymous Symbol]                       0x0000381c   Section        0  fifosimple.o(.text.TxFifo_Size)
    [Anonymous Symbol]                       0x00003834   Section        0  uart0int.o(.text.UART0_Handler)
    [Anonymous Symbol]                       0x000038d8   Section        0  uart0int.o(.text.UART_InString)
    [Anonymous Symbol]                       0x00003a6c   Section        0  uart0int.o(.text.UART_Init)
    [Anonymous Symbol]                       0x00003b20   Section        0  uart0int.o(.text.UART_OutChar)
    [Anonymous Symbol]                       0x00003b78   Section        0  uart0int.o(.text.UART_OutString)
    [Anonymous Symbol]                       0x00003bd8   Section        0  uart0int.o(.text.UART_OutUDec)
    [Anonymous Symbol]                       0x00003c54   Section        0  wtimer0a.o(.text.WideTimer0A_Handler)
    [Anonymous Symbol]                       0x00003c6c   Section        0  wtimer0a.o(.text.WideTimer0A_Init)
    commandList                              0x00003cf1   Thumb Code   218  st7735.o(.text.commandList)
    [Anonymous Symbol]                       0x00003cf0   Section        0  st7735.o(.text.commandList)
    commonInit                               0x00003dcd   Thumb Code   414  st7735.o(.text.commonInit)
    [Anonymous Symbol]                       0x00003dcc   Section        0  st7735.o(.text.commonInit)
    create_chain                             0x00003f6d   Thumb Code   188  ff.o(.text.create_chain)
    [Anonymous Symbol]                       0x00003f6c   Section        0  ff.o(.text.create_chain)
    dir_next                                 0x00004029   Thumb Code   328  ff.o(.text.dir_next)
    [Anonymous Symbol]                       0x00004028   Section        0  ff.o(.text.dir_next)
    dir_read                                 0x00004171   Thumb Code    90  ff.o(.text.dir_read)
    [Anonymous Symbol]                       0x00004170   Section        0  ff.o(.text.dir_read)
    dir_register                             0x000041cd   Thumb Code   124  ff.o(.text.dir_register)
    [Anonymous Symbol]                       0x000041cc   Section        0  ff.o(.text.dir_register)
    dir_sdi                                  0x00004249   Thumb Code   160  ff.o(.text.dir_sdi)
    [Anonymous Symbol]                       0x00004248   Section        0  ff.o(.text.dir_sdi)
    [Anonymous Symbol]                       0x000042e8   Section        0  edisk.o(.text.disk_ioctl)
    [Anonymous Symbol]                       0x0000456c   Section        0  edisk.o(.text.disk_timerproc)
    [Anonymous Symbol]                       0x000045a8   Section        0  edisk.o(.text.eDisk_Init)
    [Anonymous Symbol]                       0x00004770   Section        0  edisk.o(.text.eDisk_Read)
    [Anonymous Symbol]                       0x00004838   Section        0  edisk.o(.text.eDisk_Status)
    [Anonymous Symbol]                       0x0000484c   Section        0  edisk.o(.text.eDisk_Write)
    [Anonymous Symbol]                       0x00004978   Section        0  efile.o(.text.eFile_Create)
    [Anonymous Symbol]                       0x000049ac   Section        0  efile.o(.text.eFile_DClose)
    [Anonymous Symbol]                       0x000049dc   Section        0  efile.o(.text.eFile_DOpen)
    [Anonymous Symbol]                       0x00004a10   Section        0  efile.o(.text.eFile_Delete)
    [Anonymous Symbol]                       0x00004a3c   Section        0  efile.o(.text.eFile_DirNext)
    [Anonymous Symbol]                       0x00004a8c   Section        0  efile.o(.text.eFile_Format)
    [Anonymous Symbol]                       0x00004ac0   Section        0  efile.o(.text.eFile_RClose)
    [Anonymous Symbol]                       0x00004af0   Section        0  efile.o(.text.eFile_ROpen)
    [Anonymous Symbol]                       0x00004b24   Section        0  efile.o(.text.eFile_ReadNext)
    [Anonymous Symbol]                       0x00004b64   Section        0  efile.o(.text.eFile_WOpen)
    [Anonymous Symbol]                       0x00004b98   Section        0  efile.o(.text.eFile_Write)
    [Anonymous Symbol]                       0x00004bdc   Section        0  loader.o(.text.exec_elf)
    [Anonymous Symbol]                       0x00005174   Section        0  ff.o(.text.f_close)
    [Anonymous Symbol]                       0x000051b4   Section        0  ff.o(.text.f_closedir)
    [Anonymous Symbol]                       0x000051f4   Section        0  ff.o(.text.f_lseek)
    [Anonymous Symbol]                       0x00005394   Section        0  ff.o(.text.f_mkfs)
    [Anonymous Symbol]                       0x0000595c   Section        0  ff.o(.text.f_open)
    [Anonymous Symbol]                       0x00005b10   Section        0  ff.o(.text.f_opendir)
    [Anonymous Symbol]                       0x00005b84   Section        0  ff.o(.text.f_read)
    [Anonymous Symbol]                       0x00005d34   Section        0  ff.o(.text.f_readdir)
    [Anonymous Symbol]                       0x00005e3c   Section        0  ff.o(.text.f_sync)
    [Anonymous Symbol]                       0x00005f00   Section        0  ff.o(.text.f_unlink)
    [Anonymous Symbol]                       0x00006060   Section        0  ff.o(.text.f_write)
    find_volume                              0x0000623d   Thumb Code   852  ff.o(.text.find_volume)
    [Anonymous Symbol]                       0x0000623c   Section        0  ff.o(.text.find_volume)
    follow_path                              0x00006591   Thumb Code   790  ff.o(.text.follow_path)
    [Anonymous Symbol]                       0x00006590   Section        0  ff.o(.text.follow_path)
    [Anonymous Symbol]                       0x000068a8   Section        0  ff.o(.text.get_fat)
    loadSecData                              0x0000696d   Thumb Code   168  loader.o(.text.loadSecData)
    [Anonymous Symbol]                       0x0000696c   Section        0  loader.o(.text.loadSecData)
    loadSegData                              0x00006a15   Thumb Code   164  loader.o(.text.loadSegData)
    [Anonymous Symbol]                       0x00006a14   Section        0  loader.o(.text.loadSegData)
    [Anonymous Symbol]                       0x00006ab8   Section        0  os.o(.text.longestInterruptDisabled)
    [Anonymous Symbol]                       0x00006ac8   Section        0  lab5.o(.text.main)
    move_window                              0x00006ad5   Thumb Code   138  ff.o(.text.move_window)
    [Anonymous Symbol]                       0x00006ad4   Section        0  ff.o(.text.move_window)
    [Anonymous Symbol]                       0x00006b60   Section        0  os.o(.text.percentInterruptDisabled)
    [Anonymous Symbol]                       0x00006b90   Section        0  ff.o(.text.put_fat)
    rcvr_datablock                           0x00006c95   Thumb Code   172  edisk.o(.text.rcvr_datablock)
    [Anonymous Symbol]                       0x00006c94   Section        0  edisk.o(.text.rcvr_datablock)
    [Anonymous Symbol]                       0x00006d40   Section        0  lab5.o(.text.realmain)
    relocate                                 0x00006e29   Thumb Code   728  loader.o(.text.relocate)
    [Anonymous Symbol]                       0x00006e28   Section        0  loader.o(.text.relocate)
    relocateSection                          0x00007141   Thumb Code   100  loader.o(.text.relocateSection)
    [Anonymous Symbol]                       0x00007140   Section        0  loader.o(.text.relocateSection)
    send_cmd                                 0x000071e5   Thumb Code   502  edisk.o(.text.send_cmd)
    [Anonymous Symbol]                       0x000071e4   Section        0  edisk.o(.text.send_cmd)
    setAddrWindow                            0x000073dd   Thumb Code   604  st7735.o(.text.setAddrWindow)
    [Anonymous Symbol]                       0x000073dc   Section        0  st7735.o(.text.setAddrWindow)
    sync_fs                                  0x00007639   Thumb Code   210  ff.o(.text.sync_fs)
    [Anonymous Symbol]                       0x00007638   Section        0  ff.o(.text.sync_fs)
    sync_window                              0x0000770d   Thumb Code    82  ff.o(.text.sync_window)
    [Anonymous Symbol]                       0x0000770c   Section        0  ff.o(.text.sync_window)
    [Anonymous Symbol]                       0x00007760   Section        0  ustdlib.o(.text.usnprintf)
    [Anonymous Symbol]                       0x0000777c   Section        0  ustdlib.o(.text.uvsnprintf)
    xmit_datablock                           0x00007c3d   Thumb Code   236  edisk.o(.text.xmit_datablock)
    [Anonymous Symbol]                       0x00007c3c   Section        0  edisk.o(.text.xmit_datablock)
    i.__scatterload_copy                     0x00007d28   Section       14  handlers.o(i.__scatterload_copy)
    i.__scatterload_null                     0x00007d36   Section        2  handlers.o(i.__scatterload_null)
    i.__scatterload_zeroinit                 0x00007d38   Section       14  handlers.o(i.__scatterload_zeroinit)
    .constdata                               0x00007d46   Section       64  ctype_c.o(.constdata)
    Font                                     0x00007d86   Data        1275  st7735.o(.rodata.Font)
    [Anonymous Symbol]                       0x00007d86   Section        0  st7735.o(.rodata.Font)
    Rcmd1                                    0x00008281   Data          59  st7735.o(.rodata.Rcmd1)
    [Anonymous Symbol]                       0x00008281   Section        0  st7735.o(.rodata.Rcmd1)
    Rcmd2green                               0x000082bc   Data          13  st7735.o(.rodata.Rcmd2green)
    [Anonymous Symbol]                       0x000082bc   Section        0  st7735.o(.rodata.Rcmd2green)
    Rcmd2red                                 0x000082c9   Data          13  st7735.o(.rodata.Rcmd2red)
    [Anonymous Symbol]                       0x000082c9   Section        0  st7735.o(.rodata.Rcmd2red)
    Rcmd3                                    0x000082d6   Data          43  st7735.o(.rodata.Rcmd3)
    [Anonymous Symbol]                       0x000082d6   Section        0  st7735.o(.rodata.Rcmd3)
    f_mkfs.cst                               0x00008302   Data          22  ff.o(.rodata.f_mkfs.cst)
    [Anonymous Symbol]                       0x00008302   Section        0  ff.o(.rodata.f_mkfs.cst)
    [Anonymous Symbol]                       0x00008318   Section        0  lab5.o(.rodata.str1.1)
    .L.str.4                                 0x0000834c   Data           3  lab5.o(.rodata.str1.1)
    .L.str.5                                 0x0000834f   Data          15  lab5.o(.rodata.str1.1)
    .L.str.6                                 0x0000835e   Data           3  lab5.o(.rodata.str1.1)
    .L.str.7                                 0x00008361   Data           1  lab5.o(.rodata.str1.1)
    .L.str.16                                0x00008362   Data           6  lab5.o(.rodata.str1.1)
    .L.str.19                                0x00008368   Data          12  lab5.o(.rodata.str1.1)
    .L.str.1                                 0x0000836e   Data          13  lab5.o(.rodata.str1.1)
    .L.str.22                                0x00008374   Data          15  lab5.o(.rodata.str1.1)
    .L.str.2                                 0x0000837b   Data          13  lab5.o(.rodata.str1.1)
    .L.str.23                                0x00008383   Data          13  lab5.o(.rodata.str1.1)
    .L.str                                   0x00008388   Data          13  lab5.o(.rodata.str1.1)
    .L.str.24                                0x00008390   Data          14  lab5.o(.rodata.str1.1)
    .L.str.3                                 0x00008395   Data          13  lab5.o(.rodata.str1.1)
    .L.str.25                                0x0000839e   Data          18  lab5.o(.rodata.str1.1)
    .L.str.26                                0x000083b0   Data          17  lab5.o(.rodata.str1.1)
    .L.str.27                                0x000083c1   Data          17  lab5.o(.rodata.str1.1)
    .L.str.31                                0x000083d2   Data          10  lab5.o(.rodata.str1.1)
    .L.str.32                                0x000083dc   Data          12  lab5.o(.rodata.str1.1)
    .L.str.33                                0x000083e8   Data           4  lab5.o(.rodata.str1.1)
    .L.str.34                                0x000083ec   Data          10  lab5.o(.rodata.str1.1)
    .L.str.25                                0x000083f3   Data           3  lab5.o(.rodata.str1.1)
    .L.str.35                                0x000083f6   Data           2  lab5.o(.rodata.str1.1)
    .L.str.38                                0x000083f8   Data           2  lab5.o(.rodata.str1.1)
    .L.str.40                                0x000083fa   Data           9  lab5.o(.rodata.str1.1)
    .L.str.43                                0x00008403   Data          23  lab5.o(.rodata.str1.1)
    .L.str.46                                0x0000841a   Data          13  lab5.o(.rodata.str1.1)
    .L.str.51                                0x00008427   Data          26  lab5.o(.rodata.str1.1)
    .L.str.31                                0x0000843d   Data          52  interpreter.o(.rodata.str1.1)
    [Anonymous Symbol]                       0x0000843d   Section        0  interpreter.o(.rodata.str1.1)
    .L.str.45                                0x00008471   Data          31  interpreter.o(.rodata.str1.1)
    .L.str.11                                0x00008490   Data         924  interpreter.o(.rodata.str1.1)
    .L.str.10                                0x0000882c   Data          22  interpreter.o(.rodata.str1.1)
    .L.str.7                                 0x00008842   Data          47  interpreter.o(.rodata.str1.1)
    .L.str.5                                 0x00008871   Data          44  interpreter.o(.rodata.str1.1)
    .L.str.8                                 0x0000889d   Data          16  interpreter.o(.rodata.str1.1)
    .L.str.33                                0x000088ad   Data          15  interpreter.o(.rodata.str1.1)
    .L.str.29                                0x000088bc   Data          15  interpreter.o(.rodata.str1.1)
    .L.str.39                                0x000088cb   Data          14  interpreter.o(.rodata.str1.1)
    .L.str.38                                0x000088d9   Data          39  interpreter.o(.rodata.str1.1)
    .L.str.32                                0x00008900   Data          40  interpreter.o(.rodata.str1.1)
    .L.str.28                                0x00008928   Data          40  interpreter.o(.rodata.str1.1)
    .L.str.36                                0x00008950   Data          13  interpreter.o(.rodata.str1.1)
    .L.str.35                                0x0000895d   Data          37  interpreter.o(.rodata.str1.1)
    .L.str.26                                0x00008982   Data          37  interpreter.o(.rodata.str1.1)
    .L.str.43                                0x000089a7   Data          16  interpreter.o(.rodata.str1.1)
    .L.str.42                                0x000089b7   Data          42  interpreter.o(.rodata.str1.1)
    .L.str.21                                0x000089e1   Data          17  interpreter.o(.rodata.str1.1)
    .L.str.22                                0x000089f2   Data          14  interpreter.o(.rodata.str1.1)
    .L.str.9                                 0x00008a00   Data          29  interpreter.o(.rodata.str1.1)
    .L.str.44                                0x00008a1d   Data          38  interpreter.o(.rodata.str1.1)
    .L.str.40                                0x00008a43   Data          38  interpreter.o(.rodata.str1.1)
    .L.str.34                                0x00008a69   Data          38  interpreter.o(.rodata.str1.1)
    .L.str.30                                0x00008a8f   Data          38  interpreter.o(.rodata.str1.1)
    .L.str.37                                0x00008ab5   Data          37  interpreter.o(.rodata.str1.1)
    .L.str.27                                0x00008ada   Data          37  interpreter.o(.rodata.str1.1)
    .L.str.6                                 0x00008aff   Data          33  interpreter.o(.rodata.str1.1)
    .L.str.16                                0x00008b20   Data          32  interpreter.o(.rodata.str1.1)
    .L.str.14                                0x00008b40   Data          33  interpreter.o(.rodata.str1.1)
    .L.str.18                                0x00008b61   Data          35  interpreter.o(.rodata.str1.1)
    .L.str.2                                 0x00008b81   Data           3  interpreter.o(.rodata.str1.1)
    .L.str.15                                0x00008b84   Data          18  interpreter.o(.rodata.str1.1)
    .L.str.23                                0x00008b96   Data           7  interpreter.o(.rodata.str1.1)
    .L.str.24                                0x00008b9d   Data           8  interpreter.o(.rodata.str1.1)
    .L.str.19                                0x00008ba5   Data          10  interpreter.o(.rodata.str1.1)
    .L.str.13                                0x00008baf   Data          15  interpreter.o(.rodata.str1.1)
    .L.str.20                                0x00008bbe   Data          10  interpreter.o(.rodata.str1.1)
    .L.str.17                                0x00008bc8   Data          11  interpreter.o(.rodata.str1.1)
    .L.str.4                                 0x00008bd3   Data           9  interpreter.o(.rodata.str1.1)
    .L.str.12                                0x00008bd9   Data           3  interpreter.o(.rodata.str1.1)
    .L.str                                   0x00008beb   Data          16  ff.o(.rodata.str1.1)
    .L.str.3                                 0x00008beb   Data          20  ff.o(.rodata.str1.1)
    [Anonymous Symbol]                       0x00008beb   Section        0  ff.o(.rodata.str1.1)
    .L.str.2                                 0x00008bff   Data          20  ff.o(.rodata.str1.1)
    .L.str.1                                 0x00008c13   Data          12  ff.o(.rodata.str1.1)
    .L.str.4                                 0x00008c1f   Data          15  ff.o(.rodata.str1.1)
    .L.str                                   0x00008c3d   Data           1  ff.o(.rodata.str1.1)
    .L.str.2                                 0x00008c3e   Data          28  loader.o(.rodata.str1.1)
    [Anonymous Symbol]                       0x00008c3e   Section        0  loader.o(.rodata.str1.1)
    .L.str.11                                0x00008c5a   Data          25  loader.o(.rodata.str1.1)
    .L.str.1                                 0x00008c73   Data          20  loader.o(.rodata.str1.1)
    .L.str                                   0x00008c87   Data          23  loader.o(.rodata.str1.1)
    .L.str.4                                 0x00008c9e   Data          12  loader.o(.rodata.str1.1)
    .L.str.6                                 0x00008caa   Data          27  loader.o(.rodata.str1.1)
    .L.str.8                                 0x00008cc5   Data          27  loader.o(.rodata.str1.1)
    .L.str.7                                 0x00008ce0   Data          21  loader.o(.rodata.str1.1)
    .L.str.5                                 0x00008cf5   Data          28  loader.o(.rodata.str1.1)
    .L.str.9                                 0x00008d11   Data          29  loader.o(.rodata.str1.1)
    .L.str.3                                 0x00008d2e   Data          29  loader.o(.rodata.str1.1)
    .L.str.22                                0x00008d4b   Data          10  loader.o(.rodata.str1.1)
    .L.str.1                                 0x00008d55   Data           6  ustdlib.o(.rodata.str1.1)
    [Anonymous Symbol]                       0x00008d55   Section        0  ustdlib.o(.rodata.str1.1)
    f_mkfs.vst                               0x00008d5c   Data          22  ff.o(.rodata.str2.2)
    [Anonymous Symbol]                       0x00008d5c   Section        0  ff.o(.rodata.str2.2)
    symtab                                   0x00008d74   Data           8  interpreter.o(.rodata.symtab)
    [Anonymous Symbol]                       0x00008d74   Section        0  interpreter.o(.rodata.symtab)
    state                                    0x20000000   Data           4  strtok.o(.data)
    .data                                    0x20000000   Section        4  strtok.o(.data)
    Stat                                     0x20000006   Data           1  edisk.o(.data.Stat)
    [Anonymous Symbol]                       0x20000006   Section        0  edisk.o(.data.Stat)
    env                                      0x20000008   Data           8  interpreter.o(.data.env)
    [Anonymous Symbol]                       0x20000008   Section        0  interpreter.o(.data.env)
    CardType                                 0x2000002c   Data           1  edisk.o(.bss.CardType)
    [Anonymous Symbol]                       0x2000002c   Section        0  edisk.o(.bss.CardType)
    ColStart                                 0x2000002d   Data           1  st7735.o(.bss.ColStart)
    [Anonymous Symbol]                       0x2000002d   Section        0  st7735.o(.bss.ColStart)
    FatFs                                    0x20000038   Data           4  ff.o(.bss.FatFs)
    [Anonymous Symbol]                       0x20000038   Section        0  ff.o(.bss.FatFs)
    Fsid                                     0x2000003c   Data           2  ff.o(.bss.Fsid)
    [Anonymous Symbol]                       0x2000003c   Section        0  ff.o(.bss.Fsid)
    LOADER_OPEN_FOR_RD.fd                    0x20005e10   Data         548  loader.o(.bss.LOADER_OPEN_FOR_RD.fd)
    [Anonymous Symbol]                       0x20005e10   Section        0  loader.o(.bss.LOADER_OPEN_FOR_RD.fd)
    RowStart                                 0x20006050   Data           1  st7735.o(.bss.RowStart)
    [Anonymous Symbol]                       0x20006050   Section        0  st7735.o(.bss.RowStart)
    RxFifo                                   0x20006051   Data        1024  fifosimple.o(.bss.RxFifo)
    [Anonymous Symbol]                       0x20006051   Section        0  fifosimple.o(.bss.RxFifo)
    TabColor                                 0x20006464   Data           1  st7735.o(.bss.TabColor)
    [Anonymous Symbol]                       0x20006464   Section        0  st7735.o(.bss.TabColor)
    Timer1                                   0x20006468   Data           4  edisk.o(.bss.Timer1)
    [Anonymous Symbol]                       0x20006468   Section        0  edisk.o(.bss.Timer1)
    Timer2                                   0x2000646c   Data           4  edisk.o(.bss.Timer2)
    [Anonymous Symbol]                       0x2000646c   Section        0  edisk.o(.bss.Timer2)
    TxFifo                                   0x20006470   Data        1024  fifosimple.o(.bss.TxFifo)
    [Anonymous Symbol]                       0x20006470   Section        0  fifosimple.o(.bss.TxFifo)
    _height                                  0x2000687c   Data           1  st7735.o(.bss._height)
    [Anonymous Symbol]                       0x2000687c   Section        0  st7735.o(.bss._height)
    _width                                   0x2000687e   Data           1  st7735.o(.bss._width)
    [Anonymous Symbol]                       0x2000687e   Section        0  st7735.o(.bss._width)
    d                                        0x20006880   Data          28  efile.o(.bss.d)
    [Anonymous Symbol]                       0x20006880   Section        0  efile.o(.bss.d)
    exec_elf.exec                            0x200068b0   Data         124  loader.o(.bss.exec_elf.exec)
    [Anonymous Symbol]                       0x200068b0   Section        0  loader.o(.bss.exec_elf.exec)
    f                                        0x2000692c   Data         548  efile.o(.bss.f)
    [Anonymous Symbol]                       0x2000692c   Section        0  efile.o(.bss.f)
    fi                                       0x20006b50   Data          24  efile.o(.bss.fi)
    [Anonymous Symbol]                       0x20006b50   Section        0  efile.o(.bss.fi)
    StackMem                                 0x20006be0   Data           0  startup.o(STACK)
    STACK                                    0x20006be0   Section     1024  startup.o(STACK)

    Global Symbols

    Symbol Name                              Value     Ov Type        Size  Object(Section)

    BuildAttributes$$THM_ISAv4$E$P$D$K$B$S$7EM$PE$A:L22UL41UL21$X:L11$S22US41US21$IEEE1$IW$~IW$USESV6$~STKCKD$USESV7$~SHL$OTIME$ROPI$EBA8$MICROLIB$REQ8$PRES8$EABIv2 0x00000000   Number         0  anon$$obj.o ABSOLUTE
    __Vectors                                0x00000000   Data           0  startup.o(RESET)
    _printf_a                                0x00000000   Number         0  printfstubs.o ABSOLUTE
    _printf_c                                0x00000000   Number         0  printfstubs.o ABSOLUTE
    _printf_charcount                        0x00000000   Number         0  printfstubs.o ABSOLUTE
    _printf_d                                0x00000000   Number         0  printfstubs.o ABSOLUTE
    _printf_e                                0x00000000   Number         0  printfstubs.o ABSOLUTE
    _printf_f                                0x00000000   Number         0  printfstubs.o ABSOLUTE
    _printf_flags                            0x00000000   Number         0  printfstubs.o ABSOLUTE
    _printf_fp_dec                           0x00000000   Number         0  printfstubs.o ABSOLUTE
    _printf_fp_hex                           0x00000000   Number         0  printfstubs.o ABSOLUTE
    _printf_g                                0x00000000   Number         0  printfstubs.o ABSOLUTE
    _printf_i                                0x00000000   Number         0  printfstubs.o ABSOLUTE
    _printf_int_dec                          0x00000000   Number         0  printfstubs.o ABSOLUTE
    _printf_l                                0x00000000   Number         0  printfstubs.o ABSOLUTE
    _printf_lc                               0x00000000   Number         0  printfstubs.o ABSOLUTE
    _printf_ll                               0x00000000   Number         0  printfstubs.o ABSOLUTE
    _printf_lld                              0x00000000   Number         0  printfstubs.o ABSOLUTE
    _printf_lli                              0x00000000   Number         0  printfstubs.o ABSOLUTE
    _printf_llo                              0x00000000   Number         0  printfstubs.o ABSOLUTE
    _printf_llu                              0x00000000   Number         0  printfstubs.o ABSOLUTE
    _printf_llx                              0x00000000   Number         0  printfstubs.o ABSOLUTE
    _printf_longlong_dec                     0x00000000   Number         0  printfstubs.o ABSOLUTE
    _printf_longlong_hex                     0x00000000   Number         0  printfstubs.o ABSOLUTE
    _printf_longlong_oct                     0x00000000   Number         0  printfstubs.o ABSOLUTE
    _printf_ls                               0x00000000   Number         0  printfstubs.o ABSOLUTE
    _printf_mbtowc                           0x00000000   Number         0  printfstubs.o ABSOLUTE
    _printf_n                                0x00000000   Number         0  printfstubs.o ABSOLUTE
    _printf_o                                0x00000000   Number         0  printfstubs.o ABSOLUTE
    _printf_p                                0x00000000   Number         0  printfstubs.o ABSOLUTE
    _printf_percent                          0x00000000   Number         0  printfstubs.o ABSOLUTE
    _printf_pre_padding                      0x00000000   Number         0  printfstubs.o ABSOLUTE
    _printf_return_value                     0x00000000   Number         0  printfstubs.o ABSOLUTE
    _printf_s                                0x00000000   Number         0  printfstubs.o ABSOLUTE
    _printf_sizespec                         0x00000000   Number         0  printfstubs.o ABSOLUTE
    _printf_str                              0x00000000   Number         0  printfstubs.o ABSOLUTE
    _printf_truncate_signed                  0x00000000   Number         0  printfstubs.o ABSOLUTE
    _printf_truncate_unsigned                0x00000000   Number         0  printfstubs.o ABSOLUTE
    _printf_u                                0x00000000   Number         0  printfstubs.o ABSOLUTE
    _printf_wc                               0x00000000   Number         0  printfstubs.o ABSOLUTE
    _printf_wctomb                           0x00000000   Number         0  printfstubs.o ABSOLUTE
    _printf_widthprec                        0x00000000   Number         0  printfstubs.o ABSOLUTE
    _printf_x                                0x00000000   Number         0  printfstubs.o ABSOLUTE
    __cpp_initialize__aeabi_                  - Undefined Weak Reference
    __cxa_finalize                            - Undefined Weak Reference
    __decompress                              - Undefined Weak Reference
    _clock_init                               - Undefined Weak Reference
    _microlib_exit                            - Undefined Weak Reference
    _scanf_longlong                           - Undefined Weak Reference
    _scanf_real                               - Undefined Weak Reference
    Reset_Handler                            0x0000026d   Thumb Code     0  startup.o(RESET)
    NMI_Handler                              0x00000271   Thumb Code     2  startup.o(RESET)
    HardFault_Handler                        0x00000273   Thumb Code     2  startup.o(RESET)
    MemManage_Handler                        0x00000275   Thumb Code     2  startup.o(RESET)
    BusFault_Handler                         0x00000277   Thumb Code     2  startup.o(RESET)
    UsageFault_Handler                       0x00000279   Thumb Code     2  startup.o(RESET)
    DebugMon_Handler                         0x0000027d   Thumb Code     2  startup.o(RESET)
    ADC0Seq1_Handler                         0x00000283   Thumb Code     0  startup.o(RESET)
    ADC0Seq2_Handler                         0x00000283   Thumb Code     0  startup.o(RESET)
    ADC1Seq0_Handler                         0x00000283   Thumb Code     0  startup.o(RESET)
    ADC1Seq1_Handler                         0x00000283   Thumb Code     0  startup.o(RESET)
    ADC1Seq2_Handler                         0x00000283   Thumb Code     0  startup.o(RESET)
    ADC1Seq3_Handler                         0x00000283   Thumb Code     0  startup.o(RESET)
    CAN0_Handler                             0x00000283   Thumb Code     0  startup.o(RESET)
    CAN1_Handler                             0x00000283   Thumb Code     0  startup.o(RESET)
    CAN2_Handler                             0x00000283   Thumb Code     0  startup.o(RESET)
    Comp0_Handler                            0x00000283   Thumb Code     0  startup.o(RESET)
    Comp1_Handler                            0x00000283   Thumb Code     0  startup.o(RESET)
    Comp2_Handler                            0x00000283   Thumb Code     0  startup.o(RESET)
    Ethernet_Handler                         0x00000283   Thumb Code     0  startup.o(RESET)
    ExtBus_Handler                           0x00000283   Thumb Code     0  startup.o(RESET)
    FPU_Handler                              0x00000283   Thumb Code     0  startup.o(RESET)
    Fan0_Handler                             0x00000283   Thumb Code     0  startup.o(RESET)
    FlashCtl_Handler                         0x00000283   Thumb Code     0  startup.o(RESET)
    GPIOPortA_Handler                        0x00000283   Thumb Code     0  startup.o(RESET)
    GPIOPortB_Handler                        0x00000283   Thumb Code     0  startup.o(RESET)
    GPIOPortC_Handler                        0x00000283   Thumb Code     0  startup.o(RESET)
    GPIOPortD_Handler                        0x00000283   Thumb Code     0  startup.o(RESET)
    GPIOPortE_Handler                        0x00000283   Thumb Code     0  startup.o(RESET)
    GPIOPortG_Handler                        0x00000283   Thumb Code     0  startup.o(RESET)
    GPIOPortH_Handler                        0x00000283   Thumb Code     0  startup.o(RESET)
    GPIOPortJ_Handler                        0x00000283   Thumb Code     0  startup.o(RESET)
    GPIOPortK_Handler                        0x00000283   Thumb Code     0  startup.o(RESET)
    GPIOPortL_Handler                        0x00000283   Thumb Code     0  startup.o(RESET)
    GPIOPortM_Handler                        0x00000283   Thumb Code     0  startup.o(RESET)
    GPIOPortN_Handler                        0x00000283   Thumb Code     0  startup.o(RESET)
    GPIOPortP1_Handler                       0x00000283   Thumb Code     0  startup.o(RESET)
    GPIOPortP2_Handler                       0x00000283   Thumb Code     0  startup.o(RESET)
    GPIOPortP3_Handler                       0x00000283   Thumb Code     0  startup.o(RESET)
    GPIOPortP4_Handler                       0x00000283   Thumb Code     0  startup.o(RESET)
    GPIOPortP5_Handler                       0x00000283   Thumb Code     0  startup.o(RESET)
    GPIOPortP6_Handler                       0x00000283   Thumb Code     0  startup.o(RESET)
    GPIOPortP7_Handler                       0x00000283   Thumb Code     0  startup.o(RESET)
    GPIOPortP_Handler                        0x00000283   Thumb Code     0  startup.o(RESET)
    GPIOPortQ1_Handler                       0x00000283   Thumb Code     0  startup.o(RESET)
    GPIOPortQ2_Handler                       0x00000283   Thumb Code     0  startup.o(RESET)
    GPIOPortQ3_Handler                       0x00000283   Thumb Code     0  startup.o(RESET)
    GPIOPortQ4_Handler                       0x00000283   Thumb Code     0  startup.o(RESET)
    GPIOPortQ5_Handler                       0x00000283   Thumb Code     0  startup.o(RESET)
    GPIOPortQ6_Handler                       0x00000283   Thumb Code     0  startup.o(RESET)
    GPIOPortQ7_Handler                       0x00000283   Thumb Code     0  startup.o(RESET)
    GPIOPortQ_Handler                        0x00000283   Thumb Code     0  startup.o(RESET)
    GPIOPortR_Handler                        0x00000283   Thumb Code     0  startup.o(RESET)
    GPIOPortS_Handler                        0x00000283   Thumb Code     0  startup.o(RESET)
    Hibernate_Handler                        0x00000283   Thumb Code     0  startup.o(RESET)
    I2C0_Handler                             0x00000283   Thumb Code     0  startup.o(RESET)
    I2C1_Handler                             0x00000283   Thumb Code     0  startup.o(RESET)
    I2C2_Handler                             0x00000283   Thumb Code     0  startup.o(RESET)
    I2C3_Handler                             0x00000283   Thumb Code     0  startup.o(RESET)
    I2C4_Handler                             0x00000283   Thumb Code     0  startup.o(RESET)
    I2C5_Handler                             0x00000283   Thumb Code     0  startup.o(RESET)
    I2S0_Handler                             0x00000283   Thumb Code     0  startup.o(RESET)
    LPC0_Handler                             0x00000283   Thumb Code     0  startup.o(RESET)
    PECI0_Handler                            0x00000283   Thumb Code     0  startup.o(RESET)
    PWM0Fault_Handler                        0x00000283   Thumb Code     0  startup.o(RESET)
    PWM0Generator0_Handler                   0x00000283   Thumb Code     0  startup.o(RESET)
    PWM0Generator1_Handler                   0x00000283   Thumb Code     0  startup.o(RESET)
    PWM0Generator2_Handler                   0x00000283   Thumb Code     0  startup.o(RESET)
    PWM0Generator3_Handler                   0x00000283   Thumb Code     0  startup.o(RESET)
    PWM1Fault_Handler                        0x00000283   Thumb Code     0  startup.o(RESET)
    PWM1Generator0_Handler                   0x00000283   Thumb Code     0  startup.o(RESET)
    PWM1Generator1_Handler                   0x00000283   Thumb Code     0  startup.o(RESET)
    PWM1Generator2_Handler                   0x00000283   Thumb Code     0  startup.o(RESET)
    PWM1Generator3_Handler                   0x00000283   Thumb Code     0  startup.o(RESET)
    Quadrature0_Handler                      0x00000283   Thumb Code     0  startup.o(RESET)
    Quadrature1_Handler                      0x00000283   Thumb Code     0  startup.o(RESET)
    Quadrature2_Handler                      0x00000283   Thumb Code     0  startup.o(RESET)
    SSI0_Handler                             0x00000283   Thumb Code     0  startup.o(RESET)
    SSI1_Handler                             0x00000283   Thumb Code     0  startup.o(RESET)
    SSI2_Handler                             0x00000283   Thumb Code     0  startup.o(RESET)
    SSI3_Handler                             0x00000283   Thumb Code     0  startup.o(RESET)
    SysCtl_Handler                           0x00000283   Thumb Code     0  startup.o(RESET)
    Timer0A_Handler                          0x00000283   Thumb Code     0  startup.o(RESET)
    Timer0B_Handler                          0x00000283   Thumb Code     0  startup.o(RESET)
    Timer1A_Handler                          0x00000283   Thumb Code     0  startup.o(RESET)
    Timer1B_Handler                          0x00000283   Thumb Code     0  startup.o(RESET)
    Timer2A_Handler                          0x00000283   Thumb Code     0  startup.o(RESET)
    Timer2B_Handler                          0x00000283   Thumb Code     0  startup.o(RESET)
    Timer3B_Handler                          0x00000283   Thumb Code     0  startup.o(RESET)
    Timer4B_Handler                          0x00000283   Thumb Code     0  startup.o(RESET)
    Timer5B_Handler                          0x00000283   Thumb Code     0  startup.o(RESET)
    UART1_Handler                            0x00000283   Thumb Code     0  startup.o(RESET)
    UART2_Handler                            0x00000283   Thumb Code     0  startup.o(RESET)
    UART3_Handler                            0x00000283   Thumb Code     0  startup.o(RESET)
    UART4_Handler                            0x00000283   Thumb Code     0  startup.o(RESET)
    UART5_Handler                            0x00000283   Thumb Code     0  startup.o(RESET)
    UART6_Handler                            0x00000283   Thumb Code     0  startup.o(RESET)
    UART7_Handler                            0x00000283   Thumb Code     0  startup.o(RESET)
    USB0_Handler                             0x00000283   Thumb Code     0  startup.o(RESET)
    WDT_Handler                              0x00000283   Thumb Code     0  startup.o(RESET)
    WideTimer0B_Handler                      0x00000283   Thumb Code     0  startup.o(RESET)
    WideTimer1A_Handler                      0x00000283   Thumb Code     0  startup.o(RESET)
    WideTimer1B_Handler                      0x00000283   Thumb Code     0  startup.o(RESET)
    WideTimer2A_Handler                      0x00000283   Thumb Code     0  startup.o(RESET)
    WideTimer2B_Handler                      0x00000283   Thumb Code     0  startup.o(RESET)
    WideTimer3A_Handler                      0x00000283   Thumb Code     0  startup.o(RESET)
    WideTimer3B_Handler                      0x00000283   Thumb Code     0  startup.o(RESET)
    WideTimer4A_Handler                      0x00000283   Thumb Code     0  startup.o(RESET)
    WideTimer4B_Handler                      0x00000283   Thumb Code     0  startup.o(RESET)
    WideTimer5A_Handler                      0x00000283   Thumb Code     0  startup.o(RESET)
    WideTimer5B_Handler                      0x00000283   Thumb Code     0  startup.o(RESET)
    uDMA_Error                               0x00000283   Thumb Code     0  startup.o(RESET)
    uDMA_Handler                             0x00000283   Thumb Code     0  startup.o(RESET)
    __main                                   0x00000285   Thumb Code     0  entry.o(.ARM.Collect$$$$00000000)
    _main_stk                                0x00000285   Thumb Code     0  entry2.o(.ARM.Collect$$$$00000001)
    _main_scatterload                        0x00000289   Thumb Code     0  entry5.o(.ARM.Collect$$$$00000004)
    __main_after_scatterload                 0x0000028d   Thumb Code     0  entry5.o(.ARM.Collect$$$$00000004)
    _main_clock                              0x0000028d   Thumb Code     0  entry7b.o(.ARM.Collect$$$$00000008)
    _main_cpp_init                           0x0000028d   Thumb Code     0  entry8b.o(.ARM.Collect$$$$0000000A)
    _main_init                               0x0000028d   Thumb Code     0  entry9a.o(.ARM.Collect$$$$0000000B)
    __rt_final_cpp                           0x00000295   Thumb Code     0  entry10a.o(.ARM.Collect$$$$0000000D)
    __rt_final_exit                          0x00000295   Thumb Code     0  entry11a.o(.ARM.Collect$$$$0000000F)
    DisableInterrupts                        0x00000299   Thumb Code     0  startup.o(.text)
    EnableInterrupts                         0x0000029d   Thumb Code     0  startup.o(.text)
    StartCritical                            0x000002a1   Thumb Code     0  startup.o(.text)
    EndCritical                              0x000002a9   Thumb Code     0  startup.o(.text)
    WaitForInterrupt                         0x000002af   Thumb Code     0  startup.o(.text)
    SVC_OS_Id                                0x000002b3   Thumb Code     0  startup.o(.text)
    SVC_OS_Kill                              0x000002b7   Thumb Code     0  startup.o(.text)
    SVC_OS_Sleep                             0x000002bb   Thumb Code     0  startup.o(.text)
    SVC_OS_Time                              0x000002bf   Thumb Code     0  startup.o(.text)
    SVC_OS_AddThread                         0x000002c3   Thumb Code     0  startup.o(.text)
    StartOS                                  0x000002c9   Thumb Code     0  osasm.o(.text)
    ContextSwitch                            0x000002e7   Thumb Code     0  osasm.o(.text)
    PendSV_Handler                           0x000002f5   Thumb Code     0  osasm.o(.text)
    SVC_Handler                              0x00000313   Thumb Code     0  osasm.o(.text)
    __aeabi_uldivmod                         0x00000389   Thumb Code    98  uldiv.o(.text)
    __aeabi_memset                           0x000003eb   Thumb Code    14  memseta.o(.text)
    __aeabi_memset4                          0x000003eb   Thumb Code     0  memseta.o(.text)
    __aeabi_memset8                          0x000003eb   Thumb Code     0  memseta.o(.text)
    __aeabi_memclr                           0x000003f9   Thumb Code     4  memseta.o(.text)
    __aeabi_memclr4                          0x000003f9   Thumb Code     0  memseta.o(.text)
    __aeabi_memclr8                          0x000003f9   Thumb Code     0  memseta.o(.text)
    _memset$wrapper                          0x000003fd   Thumb Code    18  memseta.o(.text)
    strchr                                   0x0000040f   Thumb Code    20  strchr.o(.text)
    strlen                                   0x00000423   Thumb Code    14  strlen.o(.text)
    strcmp                                   0x00000431   Thumb Code    28  strcmp.o(.text)
    memcmp                                   0x0000044d   Thumb Code    26  memcmp.o(.text)
    strtok                                   0x00000469   Thumb Code    62  strtok.o(.text)
    __0sscanf                                0x000004ad   Thumb Code    48  __0sscanf.o(.text)
    _scanf_int                               0x000004e5   Thumb Code   332  _scanf_int.o(.text)
    _scanf_string                            0x00000631   Thumb Code   224  _scanf_str.o(.text)
    __aeabi_llsl                             0x00000711   Thumb Code    30  llshl.o(.text)
    _ll_shift_l                              0x00000711   Thumb Code     0  llshl.o(.text)
    __aeabi_llsr                             0x0000072f   Thumb Code    32  llushr.o(.text)
    _ll_ushift_r                             0x0000072f   Thumb Code     0  llushr.o(.text)
    _chval                                   0x0000074f   Thumb Code    28  _chval.o(.text)
    __vfscanf_char                           0x00000779   Thumb Code    20  scanf_char.o(.text)
    _sgetc                                   0x00000795   Thumb Code    30  _sgetc.o(.text)
    _sbackspace                              0x000007b3   Thumb Code    34  _sgetc.o(.text)
    __scatterload                            0x000007d5   Thumb Code    38  init.o(.text)
    __scatterload_rt2                        0x000007d5   Thumb Code     0  init.o(.text)
    isspace                                  0x00000805   Thumb Code    10  isspace_c.o(.text)
    __vfscanf                                0x00000811   Thumb Code   808  _scanf.o(.text)
    __ctype_lookup                           0x00000b3d   Thumb Code    34  ctype_c.o(.text)
    ADC0Seq0_Handler                         0x00000b65   Thumb Code    30  adct0atrigger.o(.text.ADC0Seq0_Handler)
    ADC0Seq3_Handler                         0x00000b85   Thumb Code    28  adct0atrigger.o(.text.ADC0Seq3_Handler)
    ADC_In                                   0x00000ba1   Thumb Code    32  adc.o(.text.ADC_In)
    ADC_Init                                 0x00000bc1   Thumb Code   284  adc.o(.text.ADC_Init)
    ButtonWork                               0x00000d19   Thumb Code   142  lab5.o(.text.ButtonWork)
    CS_Init                                  0x00000da9   Thumb Code   106  edisk.o(.text.CS_Init)
    Dummy                                    0x00000e15   Thumb Code     2  os.o(.text.Dummy)
    GPIOPortF_Handler                        0x00000e19   Thumb Code   134  os.o(.text.GPIOPortF_Handler)
    Heap_Free                                0x00000ea1   Thumb Code   106  heap.o(.text.Heap_Free)
    Heap_Init                                0x00000f0d   Thumb Code    40  heap.o(.text.Heap_Init)
    Heap_Malloc                              0x00000f35   Thumb Code   118  heap.o(.text.Heap_Malloc)
    Heap_Realloc                             0x00000fad   Thumb Code   576  heap.o(.text.Heap_Realloc)
    Heap_Stats                               0x000011ed   Thumb Code    82  heap.o(.text.Heap_Stats)
    Idle                                     0x00001241   Thumb Code    40  lab5.o(.text.Idle)
    Interpreter                              0x00001269   Thumb Code  1740  interpreter.o(.text.Interpreter)
    LaunchPad_Init                           0x000019d5   Thumb Code    70  launchpad.o(.text.LaunchPad_Init)
    MS_Increment                             0x00001a1d   Thumb Code    16  os.o(.text.MS_Increment)
    OS_AddPeriodicThread                     0x00001a2d   Thumb Code    38  os.o(.text.OS_AddPeriodicThread)
    OS_AddProcess                            0x00001a55   Thumb Code  1172  os.o(.text.OS_AddProcess)
    OS_AddSW1Task                            0x00001ee9   Thumb Code    36  os.o(.text.OS_AddSW1Task)
    OS_AddSW2Task                            0x00001f0d   Thumb Code    36  os.o(.text.OS_AddSW2Task)
    OS_AddThread                             0x00001f31   Thumb Code   906  os.o(.text.OS_AddThread)
    OS_ClearMsTime                           0x000022bd   Thumb Code    14  os.o(.text.OS_ClearMsTime)
    OS_Id                                    0x000022cd   Thumb Code    14  os.o(.text.OS_Id)
    OS_Init                                  0x000022dd   Thumb Code   568  os.o(.text.OS_Init)
    OS_InitSemaphore                         0x00002515   Thumb Code    10  os.o(.text.OS_InitSemaphore)
    OS_Kill                                  0x00002521   Thumb Code   550  os.o(.text.OS_Kill)
    OS_Launch                                0x00002749   Thumb Code   270  os.o(.text.OS_Launch)
    OS_MsTime                                0x00002859   Thumb Code    12  os.o(.text.OS_MsTime)
    OS_Sleep                                 0x00002865   Thumb Code   524  os.o(.text.OS_Sleep)
    OS_Time                                  0x00002a71   Thumb Code    32  os.o(.text.OS_Time)
    OS_bSignal                               0x00002a91   Thumb Code   422  os.o(.text.OS_bSignal)
    OS_bWait                                 0x00002c39   Thumb Code   384  os.o(.text.OS_bWait)
    PLL_Init                                 0x00002db9   Thumb Code   106  pll.o(.text.PLL_Init)
    RxFifo_Get                               0x00002e25   Thumb Code    56  fifosimple.o(.text.RxFifo_Get)
    RxFifo_Init                              0x00002e5d   Thumb Code    24  fifosimple.o(.text.RxFifo_Init)
    RxFifo_Put                               0x00002e75   Thumb Code    58  fifosimple.o(.text.RxFifo_Put)
    RxFifo_Size                              0x00002eb1   Thumb Code    24  fifosimple.o(.text.RxFifo_Size)
    SSI0_Init                                0x00002ec9   Thumb Code   370  edisk.o(.text.SSI0_Init)
    ST7735_DrawCharS                         0x0000303d   Thumb Code   240  st7735.o(.text.ST7735_DrawCharS)
    ST7735_DrawPixel                         0x0000312d   Thumb Code   190  st7735.o(.text.ST7735_DrawPixel)
    ST7735_FillRect                          0x000031ed   Thumb Code   252  st7735.o(.text.ST7735_FillRect)
    ST7735_InitR                             0x000032e9   Thumb Code   306  st7735.o(.text.ST7735_InitR)
    ST7735_Message                           0x0000341d   Thumb Code   116  st7735.o(.text.ST7735_Message)
    SW1Push                                  0x00003499   Thumb Code    52  lab5.o(.text.SW1Push)
    SW2Push                                  0x000034cd   Thumb Code    52  lab5.o(.text.SW2Push)
    SysTick_Handler                          0x00003501   Thumb Code   224  os.o(.text.SysTick_Handler)
    Timer3A_Handler                          0x000035e1   Thumb Code    24  timer3a.o(.text.Timer3A_Handler)
    Timer3A_Init                             0x000035f9   Thumb Code   114  timer3a.o(.text.Timer3A_Init)
    Timer4A_Handler                          0x0000366d   Thumb Code    24  timer4a.o(.text.Timer4A_Handler)
    Timer4A_Init                             0x00003685   Thumb Code   114  timer4a.o(.text.Timer4A_Init)
    Timer5A_Handler                          0x000036f9   Thumb Code    24  timer5a.o(.text.Timer5A_Handler)
    Timer5A_Init                             0x00003711   Thumb Code   128  timer5a.o(.text.Timer5A_Init)
    TxFifo_Get                               0x00003791   Thumb Code    56  fifosimple.o(.text.TxFifo_Get)
    TxFifo_Init                              0x000037c9   Thumb Code    24  fifosimple.o(.text.TxFifo_Init)
    TxFifo_Put                               0x000037e1   Thumb Code    58  fifosimple.o(.text.TxFifo_Put)
    TxFifo_Size                              0x0000381d   Thumb Code    24  fifosimple.o(.text.TxFifo_Size)
    UART0_Handler                            0x00003835   Thumb Code   164  uart0int.o(.text.UART0_Handler)
    UART_InString                            0x000038d9   Thumb Code   404  uart0int.o(.text.UART_InString)
    UART_Init                                0x00003a6d   Thumb Code   178  uart0int.o(.text.UART_Init)
    UART_OutChar                             0x00003b21   Thumb Code    88  uart0int.o(.text.UART_OutChar)
    UART_OutString                           0x00003b79   Thumb Code    96  uart0int.o(.text.UART_OutString)
    UART_OutUDec                             0x00003bd9   Thumb Code   124  uart0int.o(.text.UART_OutUDec)
    WideTimer0A_Handler                      0x00003c55   Thumb Code    24  wtimer0a.o(.text.WideTimer0A_Handler)
    WideTimer0A_Init                         0x00003c6d   Thumb Code   130  wtimer0a.o(.text.WideTimer0A_Init)
    disk_ioctl                               0x000042e9   Thumb Code   644  edisk.o(.text.disk_ioctl)
    disk_timerproc                           0x0000456d   Thumb Code    58  edisk.o(.text.disk_timerproc)
    eDisk_Init                               0x000045a9   Thumb Code   456  edisk.o(.text.eDisk_Init)
    eDisk_Read                               0x00004771   Thumb Code   200  edisk.o(.text.eDisk_Read)
    eDisk_Status                             0x00004839   Thumb Code    20  edisk.o(.text.eDisk_Status)
    eDisk_Write                              0x0000484d   Thumb Code   298  edisk.o(.text.eDisk_Write)
    eFile_Create                             0x00004979   Thumb Code    52  efile.o(.text.eFile_Create)
    eFile_DClose                             0x000049ad   Thumb Code    46  efile.o(.text.eFile_DClose)
    eFile_DOpen                              0x000049dd   Thumb Code    50  efile.o(.text.eFile_DOpen)
    eFile_Delete                             0x00004a11   Thumb Code    42  efile.o(.text.eFile_Delete)
    eFile_DirNext                            0x00004a3d   Thumb Code    80  efile.o(.text.eFile_DirNext)
    eFile_Format                             0x00004a8d   Thumb Code    50  efile.o(.text.eFile_Format)
    eFile_RClose                             0x00004ac1   Thumb Code    46  efile.o(.text.eFile_RClose)
    eFile_ROpen                              0x00004af1   Thumb Code    52  efile.o(.text.eFile_ROpen)
    eFile_ReadNext                           0x00004b25   Thumb Code    64  efile.o(.text.eFile_ReadNext)
    eFile_WOpen                              0x00004b65   Thumb Code    52  efile.o(.text.eFile_WOpen)
    eFile_Write                              0x00004b99   Thumb Code    68  efile.o(.text.eFile_Write)
    exec_elf                                 0x00004bdd   Thumb Code  1264  loader.o(.text.exec_elf)
    f_close                                  0x00005175   Thumb Code    62  ff.o(.text.f_close)
    f_closedir                               0x000051b5   Thumb Code    64  ff.o(.text.f_closedir)
    f_lseek                                  0x000051f5   Thumb Code   416  ff.o(.text.f_lseek)
    f_mkfs                                   0x00005395   Thumb Code  1478  ff.o(.text.f_mkfs)
    f_open                                   0x0000595d   Thumb Code   436  ff.o(.text.f_open)
    f_opendir                                0x00005b11   Thumb Code   114  ff.o(.text.f_opendir)
    f_read                                   0x00005b85   Thumb Code   430  ff.o(.text.f_read)
    f_readdir                                0x00005d35   Thumb Code   264  ff.o(.text.f_readdir)
    f_sync                                   0x00005e3d   Thumb Code   194  ff.o(.text.f_sync)
    f_unlink                                 0x00005f01   Thumb Code   350  ff.o(.text.f_unlink)
    f_write                                  0x00006061   Thumb Code   476  ff.o(.text.f_write)
    get_fat                                  0x000068a9   Thumb Code   196  ff.o(.text.get_fat)
    longestInterruptDisabled                 0x00006ab9   Thumb Code    14  os.o(.text.longestInterruptDisabled)
    main                                     0x00006ac9   Thumb Code    10  lab5.o(.text.main)
    percentInterruptDisabled                 0x00006b61   Thumb Code    48  os.o(.text.percentInterruptDisabled)
    put_fat                                  0x00006b91   Thumb Code   260  ff.o(.text.put_fat)
    realmain                                 0x00006d41   Thumb Code   230  lab5.o(.text.realmain)
    usnprintf                                0x00007761   Thumb Code    26  ustdlib.o(.text.usnprintf)
    uvsnprintf                               0x0000777d   Thumb Code  1196  ustdlib.o(.text.uvsnprintf)
    __scatterload_copy                       0x00007d29   Thumb Code    14  handlers.o(i.__scatterload_copy)
    __scatterload_null                       0x00007d37   Thumb Code     2  handlers.o(i.__scatterload_null)
    __scatterload_zeroinit                   0x00007d39   Thumb Code    14  handlers.o(i.__scatterload_zeroinit)
    __ctype_categories                       0x00007d46   Data          64  ctype_c.o(.constdata)
    Region$$Table$$Base                      0x00008d7c   Number         0  anon$$obj.o(Region$$Table)
    Region$$Table$$Limit                     0x00008d9c   Number         0  anon$$obj.o(Region$$Table)
    StTextColor                              0x20000004   Data           2  st7735.o(.data.StTextColor)
    processCap                               0x20000010   Data           4  os.o(.data.processCap)
    processID                                0x20000014   Data           4  os.o(.data.processID)
    threadCap                                0x20000018   Data           4  os.o(.data.threadCap)
    threadID                                 0x2000001c   Data           4  os.o(.data.threadID)
    timeSlice                                0x20000020   Data           4  os.o(.data.timeSlice)
    ADCTask                                  0x20000028   Data           4  adct0atrigger.o(.bss.ADCTask)
    DataLost                                 0x20000030   Data           4  interpreter.o(.bss.DataLost)
    FallingEdges                             0x20000034   Data           4  os.o(.bss.FallingEdges)
    GlobalHeap                               0x20000040   Data       24000  heap.o(.bss.GlobalHeap)
    IdleCount                                0x20005e00   Data           4  lab5.o(.bss.IdleCount)
    LCDFree                                  0x20005e04   Data          12  st7735.o(.bss.LCDFree)
    MSTime                                   0x20006034   Data           4  os.o(.bss.MSTime)
    MaxJitter                                0x20006038   Data           4  os.o(.bss.MaxJitter)
    NumCreated                               0x2000603c   Data           4  lab5.o(.bss.NumCreated)
    PD3data                                  0x20006040   Data           4  adct0atrigger.o(.bss.PD3data)
    PeriodicTask3                            0x20006044   Data           4  timer3a.o(.bss.PeriodicTask3)
    PeriodicTask4                            0x20006048   Data           4  timer4a.o(.bss.PeriodicTask4)
    PeriodicTask5                            0x2000604c   Data           4  timer5a.o(.bss.PeriodicTask5)
    RxGetI                                   0x20006454   Data           4  fifosimple.o(.bss.RxGetI)
    RxPutI                                   0x20006458   Data           4  fifosimple.o(.bss.RxPutI)
    StX                                      0x2000645c   Data           4  st7735.o(.bss.StX)
    StY                                      0x20006460   Data           4  st7735.o(.bss.StY)
    TxGetI                                   0x20006870   Data           4  fifosimple.o(.bss.TxGetI)
    TxPutI                                   0x20006874   Data           4  fifosimple.o(.bss.TxPutI)
    WidePeriodicTask0                        0x20006878   Data           4  wtimer0a.o(.bss.WidePeriodicTask0)
    endInterruptDisabled                     0x200068a0   Data           8  os.o(.bss.endInterruptDisabled)
    endInterruptEnabled                      0x200068a8   Data           8  os.o(.bss.endInterruptEnabled)
    interruptDisabled                        0x20006b68   Data           4  os.o(.bss.interruptDisabled)
    interruptDisabledTimeOS                  0x20006b70   Data           8  os.o(.bss.interruptDisabledTimeOS)
    interruptEnabledTimeOS                   0x20006b78   Data           8  os.o(.bss.interruptEnabledTimeOS)
    longestInterruptDisabledOS               0x20006b80   Data           8  os.o(.bss.longestInterruptDisabledOS)
    newProcess                               0x20006b88   Data           4  os.o(.bss.newProcess)
    numPeriodicTasks                         0x20006b8c   Data           4  os.o(.bss.numPeriodicTasks)
    processCount                             0x20006b90   Data           4  os.o(.bss.processCount)
    processPool                              0x20006b94   Data           4  os.o(.bss.processPool)
    runPt                                    0x20006b98   Data           4  os.o(.bss.runPt)
    startInterruptDisabled                   0x20006ba0   Data           8  os.o(.bss.startInterruptDisabled)
    startInterruptEnabled                    0x20006ba8   Data           8  os.o(.bss.startInterruptEnabled)
    sw1Task                                  0x20006bb0   Data           4  os.o(.bss.sw1Task)
    sw1TaskPriority                          0x20006bb4   Data           4  os.o(.bss.sw1TaskPriority)
    sw1_Init                                 0x20006bb8   Data           4  os.o(.bss.sw1_Init)
    sw2Task                                  0x20006bbc   Data           4  os.o(.bss.sw2Task)
    sw2TaskPriority                          0x20006bc0   Data           4  os.o(.bss.sw2TaskPriority)
    sw2_Init                                 0x20006bc4   Data           4  os.o(.bss.sw2_Init)
    threadCount                              0x20006bc8   Data           4  os.o(.bss.threadCount)
    threadPool                               0x20006bcc   Data           4  os.o(.bss.threadPool)
    tickCount                                0x20006bd0   Data           8  os.o(.bss.tickCount)
    timerInit                                0x20006bd8   Data           4  os.o(.bss.timerInit)
    __initial_sp                             0x20006fe0   Data           0  startup.o(STACK)



==============================================================================

Memory Map of the image

  Image Entry point : 0x0000026d

  Load Region LR_1 (Base: 0x00000000, Size: 0x00008dc0, Max: 0xffffffff, ABSOLUTE)

    Execution Region ER_RO (Exec base: 0x00000000, Load base: 0x00000000, Size: 0x00008d9c, Max: 0xffffffff, ABSOLUTE)

    Exec Addr    Load Addr    Size         Type   Attr      Idx    E Section Name        Object

    0x00000000   0x00000000   0x00000284   Code   RO            3  * RESET               startup.o
    0x00000284   0x00000284   0x00000000   Code   RO         1032  * .ARM.Collect$$$$00000000  mc_w.l(entry.o)
    0x00000284   0x00000284   0x00000004   Code   RO         1332    .ARM.Collect$$$$00000001  mc_w.l(entry2.o)
    0x00000288   0x00000288   0x00000004   Code   RO         1335    .ARM.Collect$$$$00000004  mc_w.l(entry5.o)
    0x0000028c   0x0000028c   0x00000000   Code   RO         1337    .ARM.Collect$$$$00000008  mc_w.l(entry7b.o)
    0x0000028c   0x0000028c   0x00000000   Code   RO         1339    .ARM.Collect$$$$0000000A  mc_w.l(entry8b.o)
    0x0000028c   0x0000028c   0x00000008   Code   RO         1340    .ARM.Collect$$$$0000000B  mc_w.l(entry9a.o)
    0x00000294   0x00000294   0x00000000   Code   RO         1342    .ARM.Collect$$$$0000000D  mc_w.l(entry10a.o)
    0x00000294   0x00000294   0x00000000   Code   RO         1344    .ARM.Collect$$$$0000000F  mc_w.l(entry11a.o)
    0x00000294   0x00000294   0x00000004   Code   RO         1333    .ARM.Collect$$$$00002712  mc_w.l(entry2.o)
    0x00000298   0x00000298   0x00000030   Code   RO            4    .text               startup.o
    0x000002c8   0x000002c8   0x000000c0   Code   RO          634    .text               osasm.o
    0x00000388   0x00000388   0x00000062   Code   RO         1035    .text               mc_w.l(uldiv.o)
    0x000003ea   0x000003ea   0x00000024   Code   RO         1039    .text               mc_w.l(memseta.o)
    0x0000040e   0x0000040e   0x00000014   Code   RO         1041    .text               mc_w.l(strchr.o)
    0x00000422   0x00000422   0x0000000e   Code   RO         1043    .text               mc_w.l(strlen.o)
    0x00000430   0x00000430   0x0000001c   Code   RO         1045    .text               mc_w.l(strcmp.o)
    0x0000044c   0x0000044c   0x0000001a   Code   RO         1047    .text               mc_w.l(memcmp.o)
    0x00000466   0x00000466   0x00000002   PAD
    0x00000468   0x00000468   0x00000044   Code   RO         1049    .text               mc_w.l(strtok.o)
    0x000004ac   0x000004ac   0x00000038   Code   RO         1318    .text               mc_w.l(__0sscanf.o)
    0x000004e4   0x000004e4   0x0000014c   Code   RO         1320    .text               mc_w.l(_scanf_int.o)
    0x00000630   0x00000630   0x000000e0   Code   RO         1322    .text               mc_w.l(_scanf_str.o)
    0x00000710   0x00000710   0x0000001e   Code   RO         1358    .text               mc_w.l(llshl.o)
    0x0000072e   0x0000072e   0x00000020   Code   RO         1360    .text               mc_w.l(llushr.o)
    0x0000074e   0x0000074e   0x0000001c   Code   RO         1362    .text               mc_w.l(_chval.o)
    0x0000076a   0x0000076a   0x00000002   PAD
    0x0000076c   0x0000076c   0x00000028   Code   RO         1364    .text               mc_w.l(scanf_char.o)
    0x00000794   0x00000794   0x00000040   Code   RO         1366    .text               mc_w.l(_sgetc.o)
    0x000007d4   0x000007d4   0x00000030   Code   RO         1381    .text               mc_w.l(init.o)
    0x00000804   0x00000804   0x0000000a   Code   RO         1385    .text               mc_w.l(isspace_c.o)
    0x0000080e   0x0000080e   0x00000002   PAD
    0x00000810   0x00000810   0x0000032c   Code   RO         1387    .text               mc_w.l(_scanf.o)
    0x00000b3c   0x00000b3c   0x00000028   Code   RO         1391    .text               mc_w.l(ctype_c.o)
    0x00000b64   0x00000b64   0x0000001e   Code   RO          642    .text.ADC0Seq0_Handler  adct0atrigger.o
    0x00000b82   0x00000b82   0x00000002   PAD
    0x00000b84   0x00000b84   0x0000001c   Code   RO          646    .text.ADC0Seq3_Handler  adct0atrigger.o
    0x00000ba0   0x00000ba0   0x00000020   Code   RO          693    .text.ADC_In        adc.o
    0x00000bc0   0x00000bc0   0x00000158   Code   RO          691    .text.ADC_Init      adc.o
    0x00000d18   0x00000d18   0x0000008e   Code   RO           42    .text.ButtonWork    lab5.o
    0x00000da6   0x00000da6   0x00000002   PAD
    0x00000da8   0x00000da8   0x0000006a   Code   RO          465    .text.CS_Init       edisk.o
    0x00000e12   0x00000e12   0x00000002   PAD
    0x00000e14   0x00000e14   0x00000002   Code   RO          132    .text.Dummy         os.o
    0x00000e16   0x00000e16   0x00000002   PAD
    0x00000e18   0x00000e18   0x00000086   Code   RO          180    .text.GPIOPortF_Handler  os.o
    0x00000e9e   0x00000e9e   0x00000002   PAD
    0x00000ea0   0x00000ea0   0x0000006a   Code   RO          843    .text.Heap_Free     heap.o
    0x00000f0a   0x00000f0a   0x00000002   PAD
    0x00000f0c   0x00000f0c   0x00000028   Code   RO          837    .text.Heap_Init     heap.o
    0x00000f34   0x00000f34   0x00000076   Code   RO          839    .text.Heap_Malloc   heap.o
    0x00000faa   0x00000faa   0x00000002   PAD
    0x00000fac   0x00000fac   0x00000240   Code   RO          845    .text.Heap_Realloc  heap.o
    0x000011ec   0x000011ec   0x00000052   Code   RO          847    .text.Heap_Stats    heap.o
    0x0000123e   0x0000123e   0x00000002   PAD
    0x00001240   0x00001240   0x00000028   Code   RO           48    .text.Idle          lab5.o
    0x00001268   0x00001268   0x0000076c   Code   RO          413    .text.Interpreter   interpreter.o
    0x000019d4   0x000019d4   0x00000046   Code   RO           13    .text.LaunchPad_Init  launchpad.o
    0x00001a1a   0x00001a1a   0x00000002   PAD
    0x00001a1c   0x00001a1c   0x00000010   Code   RO          156    .text.MS_Increment  os.o
    0x00001a2c   0x00001a2c   0x00000026   Code   RO          178    .text.OS_AddPeriodicThread  os.o
    0x00001a52   0x00001a52   0x00000002   PAD
    0x00001a54   0x00001a54   0x00000494   Code   RO          174    .text.OS_AddProcess  os.o
    0x00001ee8   0x00001ee8   0x00000024   Code   RO          182    .text.OS_AddSW1Task  os.o
    0x00001f0c   0x00001f0c   0x00000024   Code   RO          184    .text.OS_AddSW2Task  os.o
    0x00001f30   0x00001f30   0x0000038a   Code   RO          172    .text.OS_AddThread  os.o
    0x000022ba   0x000022ba   0x00000002   PAD
    0x000022bc   0x000022bc   0x0000000e   Code   RO          210    .text.OS_ClearMsTime  os.o
    0x000022ca   0x000022ca   0x00000002   PAD
    0x000022cc   0x000022cc   0x0000000e   Code   RO          176    .text.OS_Id         os.o
    0x000022da   0x000022da   0x00000002   PAD
    0x000022dc   0x000022dc   0x00000238   Code   RO          158    .text.OS_Init       os.o
    0x00002514   0x00002514   0x0000000a   Code   RO          160    .text.OS_InitSemaphore  os.o
    0x0000251e   0x0000251e   0x00000002   PAD
    0x00002520   0x00002520   0x00000226   Code   RO          188    .text.OS_Kill       os.o
    0x00002746   0x00002746   0x00000002   PAD
    0x00002748   0x00002748   0x0000010e   Code   RO          224    .text.OS_Launch     os.o
    0x00002856   0x00002856   0x00000002   PAD
    0x00002858   0x00002858   0x0000000c   Code   RO          212    .text.OS_MsTime     os.o
    0x00002864   0x00002864   0x0000020c   Code   RO          186    .text.OS_Sleep      os.o
    0x00002a70   0x00002a70   0x00000020   Code   RO          206    .text.OS_Time       os.o
    0x00002a90   0x00002a90   0x000001a6   Code   RO          170    .text.OS_bSignal    os.o
    0x00002c36   0x00002c36   0x00000002   PAD
    0x00002c38   0x00002c38   0x00000180   Code   RO          168    .text.OS_bWait      os.o
    0x00002db8   0x00002db8   0x0000006a   Code   RO           31    .text.PLL_Init      pll.o
    0x00002e22   0x00002e22   0x00000002   PAD
    0x00002e24   0x00002e24   0x00000038   Code   RO          899    .text.RxFifo_Get    fifosimple.o
    0x00002e5c   0x00002e5c   0x00000018   Code   RO          895    .text.RxFifo_Init   fifosimple.o
    0x00002e74   0x00002e74   0x0000003a   Code   RO          897    .text.RxFifo_Put    fifosimple.o
    0x00002eae   0x00002eae   0x00000002   PAD
    0x00002eb0   0x00002eb0   0x00000018   Code   RO          901    .text.RxFifo_Size   fifosimple.o
    0x00002ec8   0x00002ec8   0x00000172   Code   RO          467    .text.SSI0_Init     edisk.o
    0x0000303a   0x0000303a   0x00000002   PAD
    0x0000303c   0x0000303c   0x000000f0   Code   RO          327    .text.ST7735_DrawCharS  st7735.o
    0x0000312c   0x0000312c   0x000000be   Code   RO          307    .text.ST7735_DrawPixel  st7735.o
    0x000031ea   0x000031ea   0x00000002   PAD
    0x000031ec   0x000031ec   0x000000fc   Code   RO          315    .text.ST7735_FillRect  st7735.o
    0x000032e8   0x000032e8   0x00000132   Code   RO          303    .text.ST7735_InitR  st7735.o
    0x0000341a   0x0000341a   0x00000002   PAD
    0x0000341c   0x0000341c   0x0000007c   Code   RO          343    .text.ST7735_Message  st7735.o
    0x00003498   0x00003498   0x00000034   Code   RO           44    .text.SW1Push       lab5.o
    0x000034cc   0x000034cc   0x00000034   Code   RO           46    .text.SW2Push       lab5.o
    0x00003500   0x00003500   0x000000e0   Code   RO          146    .text.SysTick_Handler  os.o
    0x000035e0   0x000035e0   0x00000018   Code   RO          949    .text.Timer3A_Handler  timer3a.o
    0x000035f8   0x000035f8   0x00000072   Code   RO          947    .text.Timer3A_Init  timer3a.o
    0x0000366a   0x0000366a   0x00000002   PAD
    0x0000366c   0x0000366c   0x00000018   Code   RO          934    .text.Timer4A_Handler  timer4a.o
    0x00003684   0x00003684   0x00000072   Code   RO          932    .text.Timer4A_Init  timer4a.o
    0x000036f6   0x000036f6   0x00000002   PAD
    0x000036f8   0x000036f8   0x00000018   Code   RO          919    .text.Timer5A_Handler  timer5a.o
    0x00003710   0x00003710   0x00000080   Code   RO          917    .text.Timer5A_Init  timer5a.o
    0x00003790   0x00003790   0x00000038   Code   RO          891    .text.TxFifo_Get    fifosimple.o
    0x000037c8   0x000037c8   0x00000018   Code   RO          887    .text.TxFifo_Init   fifosimple.o
    0x000037e0   0x000037e0   0x0000003a   Code   RO          889    .text.TxFifo_Put    fifosimple.o
    0x0000381a   0x0000381a   0x00000002   PAD
    0x0000381c   0x0000381c   0x00000018   Code   RO          893    .text.TxFifo_Size   fifosimple.o
    0x00003834   0x00003834   0x000000a4   Code   RO          437    .text.UART0_Handler  uart0int.o
    0x000038d8   0x000038d8   0x00000194   Code   RO          455    .text.UART_InString  uart0int.o
    0x00003a6c   0x00003a6c   0x000000b2   Code   RO          427    .text.UART_Init     uart0int.o
    0x00003b1e   0x00003b1e   0x00000002   PAD
    0x00003b20   0x00003b20   0x00000058   Code   RO          433    .text.UART_OutChar  uart0int.o
    0x00003b78   0x00003b78   0x00000060   Code   RO          439    .text.UART_OutString  uart0int.o
    0x00003bd8   0x00003bd8   0x0000007c   Code   RO          443    .text.UART_OutUDec  uart0int.o
    0x00003c54   0x00003c54   0x00000018   Code   RO          822    .text.WideTimer0A_Handler  wtimer0a.o
    0x00003c6c   0x00003c6c   0x00000082   Code   RO          820    .text.WideTimer0A_Init  wtimer0a.o
    0x00003cee   0x00003cee   0x00000002   PAD
    0x00003cf0   0x00003cf0   0x000000da   Code   RO          305    .text.commandList   st7735.o
    0x00003dca   0x00003dca   0x00000002   PAD
    0x00003dcc   0x00003dcc   0x0000019e   Code   RO          297    .text.commonInit    st7735.o
    0x00003f6a   0x00003f6a   0x00000002   PAD
    0x00003f6c   0x00003f6c   0x000000bc   Code   RO          570    .text.create_chain  ff.o
    0x00004028   0x00004028   0x00000148   Code   RO          586    .text.dir_next      ff.o
    0x00004170   0x00004170   0x0000005a   Code   RO          584    .text.dir_read      ff.o
    0x000041ca   0x000041ca   0x00000002   PAD
    0x000041cc   0x000041cc   0x0000007c   Code   RO          562    .text.dir_register  ff.o
    0x00004248   0x00004248   0x000000a0   Code   RO          582    .text.dir_sdi       ff.o
    0x000042e8   0x000042e8   0x00000284   Code   RO          487    .text.disk_ioctl    edisk.o
    0x0000456c   0x0000456c   0x0000003a   Code   RO          489    .text.disk_timerproc  edisk.o
    0x000045a6   0x000045a6   0x00000002   PAD
    0x000045a8   0x000045a8   0x000001c8   Code   RO          469    .text.eDisk_Init    edisk.o
    0x00004770   0x00004770   0x000000c8   Code   RO          475    .text.eDisk_Read    edisk.o
    0x00004838   0x00004838   0x00000014   Code   RO          473    .text.eDisk_Status  edisk.o
    0x0000484c   0x0000484c   0x0000012a   Code   RO          481    .text.eDisk_Write   edisk.o
    0x00004976   0x00004976   0x00000002   PAD
    0x00004978   0x00004978   0x00000034   Code   RO          509    .text.eFile_Create  efile.o
    0x000049ac   0x000049ac   0x0000002e   Code   RO          529    .text.eFile_DClose  efile.o
    0x000049da   0x000049da   0x00000002   PAD
    0x000049dc   0x000049dc   0x00000032   Code   RO          525    .text.eFile_DOpen   efile.o
    0x00004a0e   0x00004a0e   0x00000002   PAD
    0x00004a10   0x00004a10   0x0000002a   Code   RO          523    .text.eFile_Delete  efile.o
    0x00004a3a   0x00004a3a   0x00000002   PAD
    0x00004a3c   0x00004a3c   0x00000050   Code   RO          527    .text.eFile_DirNext  efile.o
    0x00004a8c   0x00004a8c   0x00000032   Code   RO          505    .text.eFile_Format  efile.o
    0x00004abe   0x00004abe   0x00000002   PAD
    0x00004ac0   0x00004ac0   0x0000002e   Code   RO          521    .text.eFile_RClose  efile.o
    0x00004aee   0x00004aee   0x00000002   PAD
    0x00004af0   0x00004af0   0x00000034   Code   RO          517    .text.eFile_ROpen   efile.o
    0x00004b24   0x00004b24   0x00000040   Code   RO          519    .text.eFile_ReadNext  efile.o
    0x00004b64   0x00004b64   0x00000034   Code   RO          511    .text.eFile_WOpen   efile.o
    0x00004b98   0x00004b98   0x00000044   Code   RO          513    .text.eFile_Write   efile.o
    0x00004bdc   0x00004bdc   0x00000598   Code   RO          866    .text.exec_elf      loader.o
    0x00005174   0x00005174   0x0000003e   Code   RO          576    .text.f_close       ff.o
    0x000051b2   0x000051b2   0x00000002   PAD
    0x000051b4   0x000051b4   0x00000040   Code   RO          592    .text.f_closedir    ff.o
    0x000051f4   0x000051f4   0x000001a0   Code   RO          588    .text.f_lseek       ff.o
    0x00005394   0x00005394   0x000005c6   Code   RO          620    .text.f_mkfs        ff.o
    0x0000595a   0x0000595a   0x00000002   PAD
    0x0000595c   0x0000595c   0x000001b4   Code   RO          558    .text.f_open        ff.o
    0x00005b10   0x00005b10   0x00000072   Code   RO          590    .text.f_opendir     ff.o
    0x00005b82   0x00005b82   0x00000002   PAD
    0x00005b84   0x00005b84   0x000001ae   Code   RO          566    .text.f_read        ff.o
    0x00005d32   0x00005d32   0x00000002   PAD
    0x00005d34   0x00005d34   0x00000108   Code   RO          594    .text.f_readdir     ff.o
    0x00005e3c   0x00005e3c   0x000000c2   Code   RO          572    .text.f_sync        ff.o
    0x00005efe   0x00005efe   0x00000002   PAD
    0x00005f00   0x00005f00   0x0000015e   Code   RO          602    .text.f_unlink      ff.o
    0x0000605e   0x0000605e   0x00000002   PAD
    0x00006060   0x00006060   0x000001dc   Code   RO          568    .text.f_write       ff.o
    0x0000623c   0x0000623c   0x00000354   Code   RO          556    .text.find_volume   ff.o
    0x00006590   0x00006590   0x00000316   Code   RO          560    .text.follow_path   ff.o
    0x000068a6   0x000068a6   0x00000002   PAD
    0x000068a8   0x000068a8   0x000000c4   Code   RO          548    .text.get_fat       ff.o
    0x0000696c   0x0000696c   0x000000a8   Code   RO          872    .text.loadSecData   loader.o
    0x00006a14   0x00006a14   0x000000a4   Code   RO          868    .text.loadSegData   loader.o
    0x00006ab8   0x00006ab8   0x0000000e   Code   RO          222    .text.longestInterruptDisabled  os.o
    0x00006ac6   0x00006ac6   0x00000002   PAD
    0x00006ac8   0x00006ac8   0x0000000a   Code   RO           96    .text.main          lab5.o
    0x00006ad2   0x00006ad2   0x00000002   PAD
    0x00006ad4   0x00006ad4   0x0000008a   Code   RO          550    .text.move_window   ff.o
    0x00006b5e   0x00006b5e   0x00000002   PAD
    0x00006b60   0x00006b60   0x00000030   Code   RO          220    .text.percentInterruptDisabled  os.o
    0x00006b90   0x00006b90   0x00000104   Code   RO          552    .text.put_fat       ff.o
    0x00006c94   0x00006c94   0x000000ac   Code   RO          477    .text.rcvr_datablock  edisk.o
    0x00006d40   0x00006d40   0x000000e6   Code   RO           50    .text.realmain      lab5.o
    0x00006e26   0x00006e26   0x00000002   PAD
    0x00006e28   0x00006e28   0x00000318   Code   RO          870    .text.relocate      loader.o
    0x00007140   0x00007140   0x000000a4   Code   RO          874    .text.relocateSection  loader.o
    0x000071e4   0x000071e4   0x000001f6   Code   RO          471    .text.send_cmd      edisk.o
    0x000073da   0x000073da   0x00000002   PAD
    0x000073dc   0x000073dc   0x0000025c   Code   RO          309    .text.setAddrWindow  st7735.o
    0x00007638   0x00007638   0x000000d2   Code   RO          574    .text.sync_fs       ff.o
    0x0000770a   0x0000770a   0x00000002   PAD
    0x0000770c   0x0000770c   0x00000052   Code   RO          608    .text.sync_window   ff.o
    0x0000775e   0x0000775e   0x00000002   PAD
    0x00007760   0x00007760   0x0000001a   Code   RO          996    .text.usnprintf     ustdlib.o
    0x0000777a   0x0000777a   0x00000002   PAD
    0x0000777c   0x0000777c   0x000004c0   Code   RO          992    .text.uvsnprintf    ustdlib.o
    0x00007c3c   0x00007c3c   0x000000ec   Code   RO          483    .text.xmit_datablock  edisk.o
    0x00007d28   0x00007d28   0x0000000e   Code   RO         1396    i.__scatterload_copy  mc_w.l(handlers.o)
    0x00007d36   0x00007d36   0x00000002   Code   RO         1397    i.__scatterload_null  mc_w.l(handlers.o)
    0x00007d38   0x00007d38   0x0000000e   Code   RO         1398    i.__scatterload_zeroinit  mc_w.l(handlers.o)
    0x00007d46   0x00007d46   0x00000040   Data   RO         1392    .constdata          mc_w.l(ctype_c.o)
    0x00007d86   0x00007d86   0x000004fb   Data   RO          391    .rodata.Font        st7735.o
    0x00008281   0x00008281   0x0000003b   Data   RO          380    .rodata.Rcmd1       st7735.o
    0x000082bc   0x000082bc   0x0000000d   Data   RO          381    .rodata.Rcmd2green  st7735.o
    0x000082c9   0x000082c9   0x0000000d   Data   RO          384    .rodata.Rcmd2red    st7735.o
    0x000082d6   0x000082d6   0x0000002b   Data   RO          385    .rodata.Rcmd3       st7735.o
    0x00008301   0x00008301   0x00000001   PAD
    0x00008302   0x00008302   0x00000016   Data   RO          625    .rodata.f_mkfs.cst  ff.o
    0x00008318   0x00008318   0x00000125   Data   RO           98    .rodata.str1.1      lab5.o
    0x0000843d   0x0000843d   0x000007ae   Data   RO          416    .rodata.str1.1      interpreter.o
    0x00008beb   0x00008beb   0x00000053   Data   RO          623    .rodata.str1.1      ff.o
    0x00008c3e   0x00008c3e   0x00000117   Data   RO          878    .rodata.str1.1      loader.o
    0x00008d55   0x00008d55   0x00000006   Data   RO         1022    .rodata.str1.1      ustdlib.o
    0x00008d5b   0x00008d5b   0x00000001   PAD
    0x00008d5c   0x00008d5c   0x00000016   Data   RO          624    .rodata.str2.2      ff.o
    0x00008d72   0x00008d72   0x00000002   PAD
    0x00008d74   0x00008d74   0x00000008   Data   RO          418    .rodata.symtab      interpreter.o
    0x00008d7c   0x00008d7c   0x00000020   Data   RO         1395    Region$$Table       anon$$obj.o


    Execution Region ER_RW (Exec base: 0x20000000, Load base: 0x00008d9c, Size: 0x00000024, Max: 0xffffffff, ABSOLUTE)

    Exec Addr    Load Addr    Size         Type   Attr      Idx    E Section Name        Object

    0x20000000   0x00008d9c   0x00000004   Data   RW         1050    .data               mc_w.l(strtok.o)
    0x20000004   0x00008da0   0x00000002   Data   RW          377    .data.StTextColor   st7735.o
    0x20000006   0x00008da2   0x00000001   Data   RW          491    .data.Stat          edisk.o
    0x20000007   0x00008da3   0x00000001   PAD
    0x20000008   0x00008da4   0x00000008   Data   RW          417    .data.env           interpreter.o
    0x20000010   0x00008dac   0x00000004   Data   RW          248    .data.processCap    os.o
    0x20000014   0x00008db0   0x00000004   Data   RW          249    .data.processID     os.o
    0x20000018   0x00008db4   0x00000004   Data   RW          245    .data.threadCap     os.o
    0x2000001c   0x00008db8   0x00000004   Data   RW          246    .data.threadID      os.o
    0x20000020   0x00008dbc   0x00000004   Data   RW          242    .data.timeSlice     os.o


    Execution Region ER_ZI (Exec base: 0x20000028, Load base: 0x00008dc0, Size: 0x00006fb8, Max: 0xffffffff, ABSOLUTE)

    Exec Addr    Load Addr    Size         Type   Attr      Idx    E Section Name        Object

    0x20000028        -       0x00000004   Zero   RW          648    .bss.ADCTask        adct0atrigger.o
    0x2000002c        -       0x00000001   Zero   RW          493    .bss.CardType       edisk.o
    0x2000002d        -       0x00000001   Zero   RW          382    .bss.ColStart       st7735.o
    0x2000002e   0x00008dc0   0x00000002   PAD
    0x20000030        -       0x00000004   Zero   RW          415    .bss.DataLost       interpreter.o
    0x20000034        -       0x00000004   Zero   RW          260    .bss.FallingEdges   os.o
    0x20000038        -       0x00000004   Zero   RW          622    .bss.FatFs          ff.o
    0x2000003c        -       0x00000002   Zero   RW          626    .bss.Fsid           ff.o
    0x2000003e   0x00008dc0   0x00000002   PAD
    0x20000040        -       0x00005dc0   Zero   RW          849    .bss.GlobalHeap     heap.o
    0x20005e00        -       0x00000004   Zero   RW          100    .bss.IdleCount      lab5.o
    0x20005e04        -       0x0000000c   Zero   RW          379    .bss.LCDFree        st7735.o
    0x20005e10        -       0x00000224   Zero   RW          876    .bss.LOADER_OPEN_FOR_RD.fd  loader.o
    0x20006034        -       0x00000004   Zero   RW          240    .bss.MSTime         os.o
    0x20006038        -       0x00000004   Zero   RW          284    .bss.MaxJitter      os.o
    0x2000603c        -       0x00000004   Zero   RW           99    .bss.NumCreated     lab5.o
    0x20006040        -       0x00000004   Zero   RW          649    .bss.PD3data        adct0atrigger.o
    0x20006044        -       0x00000004   Zero   RW          953    .bss.PeriodicTask3  timer3a.o
    0x20006048        -       0x00000004   Zero   RW          938    .bss.PeriodicTask4  timer4a.o
    0x2000604c        -       0x00000004   Zero   RW          923    .bss.PeriodicTask5  timer5a.o
    0x20006050        -       0x00000001   Zero   RW          383    .bss.RowStart       st7735.o
    0x20006051        -       0x00000400   Zero   RW          908    .bss.RxFifo         fifosimple.o
    0x20006451   0x00008dc0   0x00000003   PAD
    0x20006454        -       0x00000004   Zero   RW          906    .bss.RxGetI         fifosimple.o
    0x20006458        -       0x00000004   Zero   RW          907    .bss.RxPutI         fifosimple.o
    0x2000645c        -       0x00000004   Zero   RW          375    .bss.StX            st7735.o
    0x20006460        -       0x00000004   Zero   RW          376    .bss.StY            st7735.o
    0x20006464        -       0x00000001   Zero   RW          386    .bss.TabColor       st7735.o
    0x20006465   0x00008dc0   0x00000003   PAD
    0x20006468        -       0x00000004   Zero   RW          492    .bss.Timer1         edisk.o
    0x2000646c        -       0x00000004   Zero   RW          494    .bss.Timer2         edisk.o
    0x20006470        -       0x00000400   Zero   RW          905    .bss.TxFifo         fifosimple.o
    0x20006870        -       0x00000004   Zero   RW          903    .bss.TxGetI         fifosimple.o
    0x20006874        -       0x00000004   Zero   RW          904    .bss.TxPutI         fifosimple.o
    0x20006878        -       0x00000004   Zero   RW          826    .bss.WidePeriodicTask0  wtimer0a.o
    0x2000687c        -       0x00000001   Zero   RW          388    .bss._height        st7735.o
    0x2000687d   0x00008dc0   0x00000001   PAD
    0x2000687e        -       0x00000001   Zero   RW          387    .bss._width         st7735.o
    0x2000687f   0x00008dc0   0x00000001   PAD
    0x20006880        -       0x0000001c   Zero   RW          536    .bss.d              efile.o
    0x2000689c   0x00008dc0   0x00000004   PAD
    0x200068a0        -       0x00000008   Zero   RW          279    .bss.endInterruptDisabled  os.o
    0x200068a8        -       0x00000008   Zero   RW          281    .bss.endInterruptEnabled  os.o
    0x200068b0        -       0x0000007c   Zero   RW          877    .bss.exec_elf.exec  loader.o
    0x2000692c        -       0x00000224   Zero   RW          535    .bss.f              efile.o
    0x20006b50        -       0x00000018   Zero   RW          537    .bss.fi             efile.o
    0x20006b68        -       0x00000004   Zero   RW          282    .bss.interruptDisabled  os.o
    0x20006b6c   0x00008dc0   0x00000004   PAD
    0x20006b70        -       0x00000008   Zero   RW          276    .bss.interruptDisabledTimeOS  os.o
    0x20006b78        -       0x00000008   Zero   RW          277    .bss.interruptEnabledTimeOS  os.o
    0x20006b80        -       0x00000008   Zero   RW          275    .bss.longestInterruptDisabledOS  os.o
    0x20006b88        -       0x00000004   Zero   RW          261    .bss.newProcess     os.o
    0x20006b8c        -       0x00000004   Zero   RW          252    .bss.numPeriodicTasks  os.o
    0x20006b90        -       0x00000004   Zero   RW          247    .bss.processCount   os.o
    0x20006b94        -       0x00000004   Zero   RW          259    .bss.processPool    os.o
    0x20006b98        -       0x00000004   Zero   RW          257    .bss.runPt          os.o
    0x20006b9c   0x00008dc0   0x00000004   PAD
    0x20006ba0        -       0x00000008   Zero   RW          278    .bss.startInterruptDisabled  os.o
    0x20006ba8        -       0x00000008   Zero   RW          280    .bss.startInterruptEnabled  os.o
    0x20006bb0        -       0x00000004   Zero   RW          262    .bss.sw1Task        os.o
    0x20006bb4        -       0x00000004   Zero   RW          264    .bss.sw1TaskPriority  os.o
    0x20006bb8        -       0x00000004   Zero   RW          250    .bss.sw1_Init       os.o
    0x20006bbc        -       0x00000004   Zero   RW          263    .bss.sw2Task        os.o
    0x20006bc0        -       0x00000004   Zero   RW          265    .bss.sw2TaskPriority  os.o
    0x20006bc4        -       0x00000004   Zero   RW          251    .bss.sw2_Init       os.o
    0x20006bc8        -       0x00000004   Zero   RW          244    .bss.threadCount    os.o
    0x20006bcc        -       0x00000004   Zero   RW          258    .bss.threadPool     os.o
    0x20006bd0        -       0x00000008   Zero   RW          241    .bss.tickCount      os.o
    0x20006bd8        -       0x00000004   Zero   RW          243    .bss.timerInit      os.o
    0x20006bdc   0x00008dc0   0x00000004   PAD
    0x20006be0        -       0x00000400   Zero   RW            1    STACK               startup.o

